Archive member included to satisfy reference by file (symbol)

c:/st/stm32cubeide_1.6.1/stm32cubeide/plugins/com.st.stm32cube.ide.mcu.externaltools.gnu-tools-for-stm32.9-2020-q2-update.win32_1.5.0.202011040924/tools/bin/../lib/gcc/arm-none-eabi/9.3.1/../../../../arm-none-eabi/lib/thumb/v7-m/nofp\libc_nano.a(lib_a-atoi.o)
                              Core/Src/Jcnet/ESP_AT_Lib_Impl.o (atoi)
c:/st/stm32cubeide_1.6.1/stm32cubeide/plugins/com.st.stm32cube.ide.mcu.externaltools.gnu-tools-for-stm32.9-2020-q2-update.win32_1.5.0.202011040924/tools/bin/../lib/gcc/arm-none-eabi/9.3.1/../../../../arm-none-eabi/lib/thumb/v7-m/nofp\libc_nano.a(lib_a-ctype_.o)
                              Drivers/ioLibrary_Driver-master/Internet/FTPServer/ftpd.o (_ctype_)
c:/st/stm32cubeide_1.6.1/stm32cubeide/plugins/com.st.stm32cube.ide.mcu.externaltools.gnu-tools-for-stm32.9-2020-q2-update.win32_1.5.0.202011040924/tools/bin/../lib/gcc/arm-none-eabi/9.3.1/../../../../arm-none-eabi/lib/thumb/v7-m/nofp\libc_nano.a(lib_a-errno.o)
                              Core/Src/syscalls.o (__errno)
c:/st/stm32cubeide_1.6.1/stm32cubeide/plugins/com.st.stm32cube.ide.mcu.externaltools.gnu-tools-for-stm32.9-2020-q2-update.win32_1.5.0.202011040924/tools/bin/../lib/gcc/arm-none-eabi/9.3.1/../../../../arm-none-eabi/lib/thumb/v7-m/nofp\libc_nano.a(lib_a-exit.o)
                              c:/st/stm32cubeide_1.6.1/stm32cubeide/plugins/com.st.stm32cube.ide.mcu.externaltools.gnu-tools-for-stm32.9-2020-q2-update.win32_1.5.0.202011040924/tools/bin/../lib/gcc/arm-none-eabi/9.3.1/../../../../arm-none-eabi/lib/thumb/v7-m/nofp/crt0.o (exit)
c:/st/stm32cubeide_1.6.1/stm32cubeide/plugins/com.st.stm32cube.ide.mcu.externaltools.gnu-tools-for-stm32.9-2020-q2-update.win32_1.5.0.202011040924/tools/bin/../lib/gcc/arm-none-eabi/9.3.1/../../../../arm-none-eabi/lib/thumb/v7-m/nofp\libc_nano.a(lib_a-fflush.o)
                              Core/Src/Jcnet/cmds.o (fflush)
c:/st/stm32cubeide_1.6.1/stm32cubeide/plugins/com.st.stm32cube.ide.mcu.externaltools.gnu-tools-for-stm32.9-2020-q2-update.win32_1.5.0.202011040924/tools/bin/../lib/gcc/arm-none-eabi/9.3.1/../../../../arm-none-eabi/lib/thumb/v7-m/nofp\libc_nano.a(lib_a-findfp.o)
                              c:/st/stm32cubeide_1.6.1/stm32cubeide/plugins/com.st.stm32cube.ide.mcu.externaltools.gnu-tools-for-stm32.9-2020-q2-update.win32_1.5.0.202011040924/tools/bin/../lib/gcc/arm-none-eabi/9.3.1/../../../../arm-none-eabi/lib/thumb/v7-m/nofp\libc_nano.a(lib_a-fflush.o) (__sinit)
c:/st/stm32cubeide_1.6.1/stm32cubeide/plugins/com.st.stm32cube.ide.mcu.externaltools.gnu-tools-for-stm32.9-2020-q2-update.win32_1.5.0.202011040924/tools/bin/../lib/gcc/arm-none-eabi/9.3.1/../../../../arm-none-eabi/lib/thumb/v7-m/nofp\libc_nano.a(lib_a-fwalk.o)
                              c:/st/stm32cubeide_1.6.1/stm32cubeide/plugins/com.st.stm32cube.ide.mcu.externaltools.gnu-tools-for-stm32.9-2020-q2-update.win32_1.5.0.202011040924/tools/bin/../lib/gcc/arm-none-eabi/9.3.1/../../../../arm-none-eabi/lib/thumb/v7-m/nofp\libc_nano.a(lib_a-findfp.o) (_fwalk)
c:/st/stm32cubeide_1.6.1/stm32cubeide/plugins/com.st.stm32cube.ide.mcu.externaltools.gnu-tools-for-stm32.9-2020-q2-update.win32_1.5.0.202011040924/tools/bin/../lib/gcc/arm-none-eabi/9.3.1/../../../../arm-none-eabi/lib/thumb/v7-m/nofp\libc_nano.a(lib_a-impure.o)
                              c:/st/stm32cubeide_1.6.1/stm32cubeide/plugins/com.st.stm32cube.ide.mcu.externaltools.gnu-tools-for-stm32.9-2020-q2-update.win32_1.5.0.202011040924/tools/bin/../lib/gcc/arm-none-eabi/9.3.1/../../../../arm-none-eabi/lib/thumb/v7-m/nofp\libc_nano.a(lib_a-exit.o) (_global_impure_ptr)
c:/st/stm32cubeide_1.6.1/stm32cubeide/plugins/com.st.stm32cube.ide.mcu.externaltools.gnu-tools-for-stm32.9-2020-q2-update.win32_1.5.0.202011040924/tools/bin/../lib/gcc/arm-none-eabi/9.3.1/../../../../arm-none-eabi/lib/thumb/v7-m/nofp\libc_nano.a(lib_a-init.o)
                              c:/st/stm32cubeide_1.6.1/stm32cubeide/plugins/com.st.stm32cube.ide.mcu.externaltools.gnu-tools-for-stm32.9-2020-q2-update.win32_1.5.0.202011040924/tools/bin/../lib/gcc/arm-none-eabi/9.3.1/../../../../arm-none-eabi/lib/thumb/v7-m/nofp/crt0.o (__libc_init_array)
c:/st/stm32cubeide_1.6.1/stm32cubeide/plugins/com.st.stm32cube.ide.mcu.externaltools.gnu-tools-for-stm32.9-2020-q2-update.win32_1.5.0.202011040924/tools/bin/../lib/gcc/arm-none-eabi/9.3.1/../../../../arm-none-eabi/lib/thumb/v7-m/nofp\libc_nano.a(lib_a-lock.o)
                              c:/st/stm32cubeide_1.6.1/stm32cubeide/plugins/com.st.stm32cube.ide.mcu.externaltools.gnu-tools-for-stm32.9-2020-q2-update.win32_1.5.0.202011040924/tools/bin/../lib/gcc/arm-none-eabi/9.3.1/../../../../arm-none-eabi/lib/thumb/v7-m/nofp\libc_nano.a(lib_a-findfp.o) (__retarget_lock_init_recursive)
[...]
Memory Configuration

Name             Origin             Length             Attributes
RAM              0x0000000020000000 0x0000000000005000 xrw
FLASH            0x0000000008000000 0x0000000000020000 xr
*default*        0x0000000000000000 0xffffffffffffffff

Linker script and memory map

LOAD c:/st/stm32cubeide_1.6.1/stm32cubeide/plugins/com.st.stm32cube.ide.mcu.externaltools.gnu-tools-for-stm32.9-2020-q2-update.win32_1.5.0.202011040924/tools/bin/../lib/gcc/arm-none-eabi/9.3.1/thumb/v7-m/nofp/crti.o
LOAD c:/st/stm32cubeide_1.6.1/stm32cubeide/plugins/com.st.stm32cube.ide.mcu.externaltools.gnu-tools-for-stm32.9-2020-q2-update.win32_1.5.0.202011040924/tools/bin/../lib/gcc/arm-none-eabi/9.3.1/thumb/v7-m/nofp/crtbegin.o
LOAD c:/st/stm32cubeide_1.6.1/stm32cubeide/plugins/com.st.stm32cube.ide.mcu.externaltools.gnu-tools-for-stm32.9-2020-q2-update.win32_1.5.0.202011040924/tools/bin/../lib/gcc/arm-none-eabi/9.3.1/../../../../arm-none-eabi/lib/thumb/v7-m/nofp/crt0.o
LOAD AT_Lib_example/httpget.o
LOAD AT_Lib_example/tcpclientsingle.o
LOAD AT_Lib_example/tcpserver.o
LOAD AT_Lib_example/udpclientsingle.o
LOAD Core/Src/Jcnet/ESP_AT_Lib_Impl.o
LOAD Core/Src/Jcnet/can.o
LOAD Core/Src/Jcnet/cmds.o
LOAD Core/Src/Jcnet/esp32_fn.o
LOAD Core/Src/Jcnet/led_fn.o
LOAD Core/Src/Jcnet/rs485_fn.o
LOAD Core/Src/Jcnet/uartLib.o
LOAD Core/Src/Jcnet/wiznet_cmd.o
LOAD Core/Src/main.o
LOAD Core/Src/stm32f1xx_hal_msp.o
LOAD Core/Src/stm32f1xx_it.o
LOAD Core/Src/syscalls.o
LOAD Core/Src/sysmem.o
LOAD Core/Src/system_stm32f1xx.o
LOAD Core/Startup/startup_stm32f103rbtx.o
LOAD Drivers/STM32F1xx_HAL_Driver/Src/stm32f1xx_hal.o
LOAD Drivers/STM32F1xx_HAL_Driver/Src/stm32f1xx_hal_can.o
LOAD Drivers/STM32F1xx_HAL_Driver/Src/stm32f1xx_hal_cortex.o
LOAD Drivers/STM32F1xx_HAL_Driver/Src/stm32f1xx_hal_dma.o
LOAD Drivers/STM32F1xx_HAL_Driver/Src/stm32f1xx_hal_exti.o
LOAD Drivers/STM32F1xx_HAL_Driver/Src/stm32f1xx_hal_flash.o
LOAD Drivers/STM32F1xx_HAL_Driver/Src/stm32f1xx_hal_flash_ex.o
LOAD Drivers/STM32F1xx_HAL_Driver/Src/stm32f1xx_hal_gpio.o
LOAD Drivers/STM32F1xx_HAL_Driver/Src/stm32f1xx_hal_gpio_ex.o
LOAD Drivers/STM32F1xx_HAL_Driver/Src/stm32f1xx_hal_i2c.o
LOAD Drivers/STM32F1xx_HAL_Driver/Src/stm32f1xx_hal_pwr.o
LOAD Drivers/STM32F1xx_HAL_Driver/Src/stm32f1xx_hal_rcc.o
LOAD Drivers/STM32F1xx_HAL_Driver/Src/stm32f1xx_hal_rcc_ex.o
LOAD Drivers/STM32F1xx_HAL_Driver/Src/stm32f1xx_hal_spi.o
LOAD Drivers/STM32F1xx_HAL_Driver/Src/stm32f1xx_hal_tim.o
LOAD Drivers/STM32F1xx_HAL_Driver/Src/stm32f1xx_hal_tim_ex.o
LOAD Drivers/STM32F1xx_HAL_Driver/Src/stm32f1xx_hal_uart.o
LOAD Drivers/ioLibrary_Driver-master/Application/loopback/loopback.o
LOAD Drivers/ioLibrary_Driver-master/Application/multicast/multicast.o
LOAD Drivers/ioLibrary_Driver-master/Ethernet/W5100/w5100.o
LOAD Drivers/ioLibrary_Driver-master/Ethernet/W5100S/w5100s.o
LOAD Drivers/ioLibrary_Driver-master/Ethernet/W5200/w5200.o
LOAD Drivers/ioLibrary_Driver-master/Ethernet/W5300/w5300.o
LOAD Drivers/ioLibrary_Driver-master/Ethernet/W5500/w5500.o
LOAD Drivers/ioLibrary_Driver-master/Ethernet/socket.o
LOAD Drivers/ioLibrary_Driver-master/Ethernet/wizchip_conf.o
LOAD Drivers/ioLibrary_Driver-master/Internet/DHCP/dhcp.o
LOAD Drivers/ioLibrary_Driver-master/Internet/DNS/dns.o
LOAD Drivers/ioLibrary_Driver-master/Internet/FTPClient/ftpc.o
LOAD Drivers/ioLibrary_Driver-master/Internet/FTPServer/ftpd.o
LOAD Drivers/ioLibrary_Driver-master/Internet/MQTT/MQTTClient.o
LOAD Drivers/ioLibrary_Driver-master/Internet/MQTT/mqtt_interface.o
LOAD Drivers/ioLibrary_Driver-master/Internet/MQTT/MQTTPacket/src/MQTTConnectClient.o
LOAD Drivers/ioLibrary_Driver-master/Internet/MQTT/MQTTPacket/src/MQTTConnectServer.o
LOAD Drivers/ioLibrary_Driver-master/Internet/MQTT/MQTTPacket/src/MQTTDeserializePublish.o
LOAD Drivers/ioLibrary_Driver-master/Internet/MQTT/MQTTPacket/src/MQTTFormat.o
LOAD Drivers/ioLibrary_Driver-master/Internet/MQTT/MQTTPacket/src/MQTTPacket.o
LOAD Drivers/ioLibrary_Driver-master/Internet/MQTT/MQTTPacket/src/MQTTSerializePublish.o
LOAD Drivers/ioLibrary_Driver-master/Internet/MQTT/MQTTPacket/src/MQTTSubscribeClient.o
LOAD Drivers/ioLibrary_Driver-master/Internet/MQTT/MQTTPacket/src/MQTTSubscribeServer.o
LOAD Drivers/ioLibrary_Driver-master/Internet/MQTT/MQTTPacket/src/MQTTUnsubscribeClient.o
LOAD Drivers/ioLibrary_Driver-master/Internet/MQTT/MQTTPacket/src/MQTTUnsubscribeServer.o
LOAD Drivers/ioLibrary_Driver-master/Internet/SNMP/snmp.o
LOAD Drivers/ioLibrary_Driver-master/Internet/SNMP/snmp_custom.o
LOAD Drivers/ioLibrary_Driver-master/Internet/SNTP/sntp.o
LOAD Drivers/ioLibrary_Driver-master/Internet/TFTP/netutil.o
LOAD Drivers/ioLibrary_Driver-master/Internet/TFTP/tftp.o
LOAD Drivers/ioLibrary_Driver-master/Internet/httpServer/httpParser.o
LOAD Drivers/ioLibrary_Driver-master/Internet/httpServer/httpServer.o
LOAD Drivers/ioLibrary_Driver-master/Internet/httpServer/httpUtil.o
START GROUP
LOAD c:/st/stm32cubeide_1.6.1/stm32cubeide/plugins/com.st.stm32cube.ide.mcu.externaltools.gnu-tools-for-stm32.9-2020-q2-update.win32_1.5.0.202011040924/tools/bin/../lib/gcc/arm-none-eabi/9.3.1/../../../../arm-none-eabi/lib/thumb/v7-m/nofp\libstdc++_nano.a
LOAD c:/st/stm32cubeide_1.6.1/stm32cubeide/plugins/com.st.stm32cube.ide.mcu.externaltools.gnu-tools-for-stm32.9-2020-q2-update.win32_1.5.0.202011040924/tools/bin/../lib/gcc/arm-none-eabi/9.3.1/../../../../arm-none-eabi/lib/thumb/v7-m/nofp\libsupc++_nano.a
END GROUP
LOAD c:/st/stm32cubeide_1.6.1/stm32cubeide/plugins/com.st.stm32cube.ide.mcu.externaltools.gnu-tools-for-stm32.9-2020-q2-update.win32_1.5.0.202011040924/tools/bin/../lib/gcc/arm-none-eabi/9.3.1/../../../../arm-none-eabi/lib/thumb/v7-m/nofp\libstdc++_nano.a
LOAD c:/st/stm32cubeide_1.6.1/stm32cubeide/plugins/com.st.stm32cube.ide.mcu.externaltools.gnu-tools-for-stm32.9-2020-q2-update.win32_1.5.0.202011040924/tools/bin/../lib/gcc/arm-none-eabi/9.3.1/../../../../arm-none-eabi/lib/thumb/v7-m/nofp\libm.a
LOAD c:/st/stm32cubeide_1.6.1/stm32cubeide/plugins/com.st.stm32cube.ide.mcu.externaltools.gnu-tools-for-stm32.9-2020-q2-update.win32_1.5.0.202011040924/tools/bin/../lib/gcc/arm-none-eabi/9.3.1/../../../../arm-none-eabi/lib/thumb/v7-m/nofp\libc_nano.a
START GROUP
LOAD c:/st/stm32cubeide_1.6.1/stm32cubeide/plugins/com.st.stm32cube.ide.mcu.externaltools.gnu-tools-for-stm32.9-2020-q2-update.win32_1.5.0.202011040924/tools/bin/../lib/gcc/arm-none-eabi/9.3.1/thumb/v7-m/nofp\libgcc.a
LOAD c:/st/stm32cubeide_1.6.1/stm32cubeide/plugins/com.st.stm32cube.ide.mcu.externaltools.gnu-tools-for-stm32.9-2020-q2-update.win32_1.5.0.202011040924/tools/bin/../lib/gcc/arm-none-eabi/9.3.1/../../../../arm-none-eabi/lib/thumb/v7-m/nofp\libc_nano.a
END GROUP
START GROUP
LOAD c:/st/stm32cubeide_1.6.1/stm32cubeide/plugins/com.st.stm32cube.ide.mcu.externaltools.gnu-tools-for-stm32.9-2020-q2-update.win32_1.5.0.202011040924/tools/bin/../lib/gcc/arm-none-eabi/9.3.1/thumb/v7-m/nofp\libgcc.a
LOAD c:/st/stm32cubeide_1.6.1/stm32cubeide/plugins/com.st.stm32cube.ide.mcu.externaltools.gnu-tools-for-stm32.9-2020-q2-update.win32_1.5.0.202011040924/tools/bin/../lib/gcc/arm-none-eabi/9.3.1/../../../../arm-none-eabi/lib/thumb/v7-m/nofp\libc_nano.a
END GROUP
LOAD c:/st/stm32cubeide_1.6.1/stm32cubeide/plugins/com.st.stm32cube.ide.mcu.externaltools.gnu-tools-for-stm32.9-2020-q2-update.win32_1.5.0.202011040924/tools/bin/../lib/gcc/arm-none-eabi/9.3.1/thumb/v7-m/nofp/crtend.o
LOAD c:/st/stm32cubeide_1.6.1/stm32cubeide/plugins/com.st.stm32cube.ide.mcu.externaltools.gnu-tools-for-stm32.9-2020-q2-update.win32_1.5.0.202011040924/tools/bin/../lib/gcc/arm-none-eabi/9.3.1/thumb/v7-m/nofp/crtn.o
                0x0000000020005000                _estack = (ORIGIN (RAM) + LENGTH (RAM))
                0x0000000000000200                _Min_Heap_Size = 0x200
                0x0000000000000400                _Min_Stack_Size = 0x400

.isr_vector     0x0000000008000000      0x10c
                0x0000000008000000                . = ALIGN (0x4)
 *(.isr_vector)
 .isr_vector    0x0000000008000000      0x10c Core/Startup/startup_stm32f103rbtx.o
                0x0000000008000000                g_pfnVectors
                0x000000000800010c                . = ALIGN (0x4)

.text           0x000000000800010c     0xbd18
                0x000000000800010c                . = ALIGN (0x4)
 *(.text)
 .text          0x000000000800010c       0x40 c:/st/stm32cubeide_1.6.1/stm32cubeide/plugins/com.st.stm32cube.ide.mcu.externaltools.gnu-tools-for-stm32.9-2020-q2-update.win32_1.5.0.202011040924/tools/bin/../lib/gcc/arm-none-eabi/9.3.1/thumb/v7-m/nofp/crtbegin.o
 .text          0x000000000800014c       0x14 c:/st/stm32cubeide_1.6.1/stm32cubeide/plugins/com.st.stm32cube.ide.mcu.externaltools.gnu-tools-for-stm32.9-2020-q2-update.win32_1.5.0.202011040924/tools/bin/../lib/gcc/arm-none-eabi/9.3.1/../../../../arm-none-eabi/lib/thumb/v7-m/nofp\libc_nano.a(lib_a-strcmp.o)
                0x000000000800014c                strcmp
 .text          0x0000000008000160       0x10 c:/st/stm32cubeide_1.6.1/stm32cubeide/plugins/com.st.stm32cube.ide.mcu.externaltools.gnu-tools-for-stm32.9-2020-q2-update.win32_1.5.0.202011040924/tools/bin/../lib/gcc/arm-none-eabi/9.3.1/../../../../arm-none-eabi/lib/thumb/v7-m/nofp\libc_nano.a(lib_a-strlen.o)
                0x0000000008000160                strlen
 *(.text*)
 .text.httpget_init
                0x0000000008000170       0x94 AT_Lib_example/httpget.o
                0x0000000008000170                httpget_init
 .text.http_action
                0x0000000008000204      0x154 AT_Lib_example/httpget.o
                0x0000000008000204                http_action
 .text.httpclient_loop
                0x0000000008000358       0x20 AT_Lib_example/httpget.o
                0x0000000008000358                httpclient_loop
 .text.tcpclient_init
                0x0000000008000378       0x94 AT_Lib_example/tcpclientsingle.o
                0x0000000008000378                tcpclient_init
 .text.client_loop
                0x000000000800040c      0x148 AT_Lib_example/tcpclientsingle.o
                0x000000000800040c                client_loop
 .text.tcpclient_loop
                0x0000000008000554       0x20 AT_Lib_example/tcpclientsingle.o
                0x0000000008000554                tcpclient_loop
 .text.tcpserver_init
                0x0000000008000574       0xf0 AT_Lib_example/tcpserver.o
                0x0000000008000574                tcpserver_init
 .text.loop     0x0000000008000664      0x148 AT_Lib_example/tcpserver.o
                0x0000000008000664                loop
 .text.tcpserver_loop
                0x00000000080007ac       0x24 AT_Lib_example/tcpserver.o
                0x00000000080007ac                tcpserver_loop
 .text.udpclient_init
                0x00000000080007d0       0x94 AT_Lib_example/udpclientsingle.o
                0x00000000080007d0                udpclient_init
 .text.udp_client
                0x0000000008000864      0x144 AT_Lib_example/udpclientsingle.o
                0x0000000008000864                udp_client
 .text.udpclient_loop
                0x00000000080009a8       0x20 AT_Lib_example/udpclientsingle.o
                0x00000000080009a8                udpclient_loop
 .text.millis   0x00000000080009c8        0xe Core/Src/Jcnet/ESP_AT_Lib_Impl.o
 .text.delay    0x00000000080009d6       0x16 Core/Src/Jcnet/ESP_AT_Lib_Impl.o
 .text.indexOfString
                0x00000000080009ec       0x64 Core/Src/Jcnet/ESP_AT_Lib_Impl.o
 .text.indexOfChar
                0x0000000008000a50       0x46 Core/Src/Jcnet/ESP_AT_Lib_Impl.o
 *fill*         0x0000000008000a96        0x2 
 .text.send_string_with_nl
                0x0000000008000a98       0x48 Core/Src/Jcnet/ESP_AT_Lib_Impl.o
                0x0000000008000a98                send_string_with_nl
 .text.send_string
                0x0000000008000ae0       0x2c Core/Src/Jcnet/ESP_AT_Lib_Impl.o
                0x0000000008000ae0                send_string
 .text.send_int_with_nl
                0x0000000008000b0c       0x48 Core/Src/Jcnet/ESP_AT_Lib_Impl.o
                0x0000000008000b0c                send_int_with_nl
 .text.send_int
                0x0000000008000b54       0x48 Core/Src/Jcnet/ESP_AT_Lib_Impl.o
                0x0000000008000b54                send_int
 .text.AT_ch_read
                0x0000000008000b9c       0x20 Core/Src/Jcnet/ESP_AT_Lib_Impl.o
                0x0000000008000b9c                AT_ch_read
 .text.AT_ch_write
                0x0000000008000bbc       0x28 Core/Src/Jcnet/ESP_AT_Lib_Impl.o
                0x0000000008000bbc                AT_ch_write
 .text.AT_ch_available
                0x0000000008000be4       0x14 Core/Src/Jcnet/ESP_AT_Lib_Impl.o
                0x0000000008000be4                AT_ch_available
 .text.ESP8266_ESP8266
                0x0000000008000bf8       0x60 Core/Src/Jcnet/ESP_AT_Lib_Impl.o
                0x0000000008000bf8                ESP8266_ESP8266
 .text.ESP32_C_getVersion
                0x0000000008000c58       0x14 Core/Src/Jcnet/ESP_AT_Lib_Impl.o
                0x0000000008000c58                ESP32_C_getVersion
 .text.ESP8266_setOprToStationSoftAP
                0x0000000008000c6c       0x56 Core/Src/Jcnet/ESP_AT_Lib_Impl.o
                0x0000000008000c6c                ESP8266_setOprToStationSoftAP
 *fill*         0x0000000008000cc2        0x2 
 .text.ESP32_C_getAPList
                0x0000000008000cc4       0x14 Core/Src/Jcnet/ESP_AT_Lib_Impl.o
                0x0000000008000cc4                ESP32_C_getAPList
 .text.ESP8266_joinAP
                0x0000000008000cd8       0x24 Core/Src/Jcnet/ESP_AT_Lib_Impl.o
                0x0000000008000cd8                ESP8266_joinAP
 .text.ESP8266_getIPStatus
                0x0000000008000cfc       0x14 Core/Src/Jcnet/ESP_AT_Lib_Impl.o
                0x0000000008000cfc                ESP8266_getIPStatus
 .text.ESP8266_getLocalIP
                0x0000000008000d10       0x14 Core/Src/Jcnet/ESP_AT_Lib_Impl.o
                0x0000000008000d10                ESP8266_getLocalIP
 .text.ESP8266_enableMUX
                0x0000000008000d24       0x10 Core/Src/Jcnet/ESP_AT_Lib_Impl.o
                0x0000000008000d24                ESP8266_enableMUX
 .text.ESP8266_createTCP_mux
                0x0000000008000d34       0x28 Core/Src/Jcnet/ESP_AT_Lib_Impl.o
                0x0000000008000d34                ESP8266_createTCP_mux
 .text.ESP8266_releaseTCP_mux
                0x0000000008000d5c       0x1c Core/Src/Jcnet/ESP_AT_Lib_Impl.o
                0x0000000008000d5c                ESP8266_releaseTCP_mux
 .text.ESP8266_registerUDP_mux
                0x0000000008000d78       0x28 Core/Src/Jcnet/ESP_AT_Lib_Impl.o
                0x0000000008000d78                ESP8266_registerUDP_mux
 .text.ESP8266_unregisterUDP_mux
                0x0000000008000da0       0x1c Core/Src/Jcnet/ESP_AT_Lib_Impl.o
                0x0000000008000da0                ESP8266_unregisterUDP_mux
 .text.ESP8266_setTCPServerTimeout
                0x0000000008000dbc       0x18 Core/Src/Jcnet/ESP_AT_Lib_Impl.o
                0x0000000008000dbc                ESP8266_setTCPServerTimeout
 .text.ESP8266_startTCPServer
                0x0000000008000dd4       0x24 Core/Src/Jcnet/ESP_AT_Lib_Impl.o
                0x0000000008000dd4                ESP8266_startTCPServer
 .text.ESP8266_send_mux
                0x0000000008000df8       0x24 Core/Src/Jcnet/ESP_AT_Lib_Impl.o
                0x0000000008000df8                ESP8266_send_mux
 .text.checkIPD
                0x0000000008000e1c      0x11c Core/Src/Jcnet/ESP_AT_Lib_Impl.o
 .text.rx_empty
                0x0000000008000f38       0x50 Core/Src/Jcnet/ESP_AT_Lib_Impl.o
                0x0000000008000f38                rx_empty
 .text.recvString1_TO
                0x0000000008000f88       0xbc Core/Src/Jcnet/ESP_AT_Lib_Impl.o
                0x0000000008000f88                recvString1_TO
 .text.recvString2_TO
                0x0000000008001044       0xb4 Core/Src/Jcnet/ESP_AT_Lib_Impl.o
                0x0000000008001044                recvString2_TO
 .text.recvFind
                0x00000000080010f8       0x32 Core/Src/Jcnet/ESP_AT_Lib_Impl.o
                0x00000000080010f8                recvFind
 *fill*         0x000000000800112a        0x2 
 .text.recvFindAndFilter
                0x000000000800112c      0x110 Core/Src/Jcnet/ESP_AT_Lib_Impl.o
                0x000000000800112c                recvFindAndFilter
 .text.eATGMR   0x000000000800123c       0x50 Core/Src/Jcnet/ESP_AT_Lib_Impl.o
                0x000000000800123c                eATGMR
 .text.qATCWMODE
                0x000000000800128c       0x84 Core/Src/Jcnet/ESP_AT_Lib_Impl.o
                0x000000000800128c                qATCWMODE
 .text.sATCWMODE
                0x0000000008001310       0x84 Core/Src/Jcnet/ESP_AT_Lib_Impl.o
                0x0000000008001310                sATCWMODE
 .text.sATCWJAP
                0x0000000008001394       0xb8 Core/Src/Jcnet/ESP_AT_Lib_Impl.o
                0x0000000008001394                sATCWJAP
 .text.eATCWLAP
                0x000000000800144c       0x48 Core/Src/Jcnet/ESP_AT_Lib_Impl.o
                0x000000000800144c                eATCWLAP
 .text.eATCIPSTATUS
                0x0000000008001494       0x4c Core/Src/Jcnet/ESP_AT_Lib_Impl.o
                0x0000000008001494                eATCIPSTATUS
 .text.sATCIPSTARTMultiple
                0x00000000080014e0       0xa8 Core/Src/Jcnet/ESP_AT_Lib_Impl.o
                0x00000000080014e0                sATCIPSTARTMultiple
 .text.sATCIPSENDMultiple
                0x0000000008001588       0x8c Core/Src/Jcnet/ESP_AT_Lib_Impl.o
                0x0000000008001588                sATCIPSENDMultiple
 .text.sATCIPCLOSEMultiple
                0x0000000008001614       0x5c Core/Src/Jcnet/ESP_AT_Lib_Impl.o
                0x0000000008001614                sATCIPCLOSEMultiple
 .text.eATCIFSR
                0x0000000008001670       0x48 Core/Src/Jcnet/ESP_AT_Lib_Impl.o
                0x0000000008001670                eATCIFSR
 .text.sATCIPMUX
                0x00000000080016b8       0x5c Core/Src/Jcnet/ESP_AT_Lib_Impl.o
                0x00000000080016b8                sATCIPMUX
 .text.sATCIPSERVER
                0x0000000008001714       0x88 Core/Src/Jcnet/ESP_AT_Lib_Impl.o
                0x0000000008001714                sATCIPSERVER
 .text.sATCIPSTO
                0x000000000800179c       0x44 Core/Src/Jcnet/ESP_AT_Lib_Impl.o
                0x000000000800179c                sATCIPSTO
 .text.ESP8266_recv_mux
                0x00000000080017e0       0x40 Core/Src/Jcnet/ESP_AT_Lib_Impl.o
                0x00000000080017e0                ESP8266_recv_mux
 .text.ESP8266_recv_mux_p
                0x0000000008001820       0x28 Core/Src/Jcnet/ESP_AT_Lib_Impl.o
                0x0000000008001820                ESP8266_recv_mux_p
 .text.recvPkg  0x0000000008001848      0x220 Core/Src/Jcnet/ESP_AT_Lib_Impl.o
                0x0000000008001848                recvPkg
 .text.can_start
                0x0000000008001a68       0x60 Core/Src/Jcnet/can.o
                0x0000000008001a68                can_start
 .text.can1_tx  0x0000000008001ac8       0x88 Core/Src/Jcnet/can.o
                0x0000000008001ac8                can1_tx
 .text.HAL_CAN_TxMailbox0CompleteCallback
                0x0000000008001b50       0x24 Core/Src/Jcnet/can.o
                0x0000000008001b50                HAL_CAN_TxMailbox0CompleteCallback
 .text.HAL_CAN_TxMailbox1CompleteCallback
                0x0000000008001b74       0x24 Core/Src/Jcnet/can.o
                0x0000000008001b74                HAL_CAN_TxMailbox1CompleteCallback
 .text.HAL_CAN_TxMailbox2CompleteCallback
                0x0000000008001b98       0x24 Core/Src/Jcnet/can.o
                0x0000000008001b98                HAL_CAN_TxMailbox2CompleteCallback
 .text.HAL_CAN_RxFifo0MsgPendingCallback
                0x0000000008001bbc       0x54 Core/Src/Jcnet/can.o
                0x0000000008001bbc                HAL_CAN_RxFifo0MsgPendingCallback
 .text.can_fn   0x0000000008001c10       0x60 Core/Src/Jcnet/can.o
                0x0000000008001c10                can_fn
 .text.exec_cmd
                0x0000000008001c70       0x68 Core/Src/Jcnet/cmds.o
                0x0000000008001c70                exec_cmd
 .text.get_args
                0x0000000008001cd8       0xd6 Core/Src/Jcnet/cmds.o
                0x0000000008001cd8                get_args
 *fill*         0x0000000008001dae        0x2 
 .text.do_cmd   0x0000000008001db0      0x17c Core/Src/Jcnet/cmds.o
                0x0000000008001db0                do_cmd
 .text.esp32_atlib_fn
                0x0000000008001f2c       0xd8 Core/Src/Jcnet/esp32_fn.o
                0x0000000008001f2c                esp32_atlib_fn
 .text.esp32_fn
                0x0000000008002004       0xe8 Core/Src/Jcnet/esp32_fn.o
                0x0000000008002004                esp32_fn
 .text.led_fn   0x00000000080020ec       0xa8 Core/Src/Jcnet/led_fn.o
                0x00000000080020ec                led_fn
 .text.switch_fn
                0x0000000008002194       0x58 Core/Src/Jcnet/led_fn.o
                0x0000000008002194                switch_fn
 .text.rs485_fn
                0x00000000080021ec       0xa0 Core/Src/Jcnet/rs485_fn.o
                0x00000000080021ec                rs485_fn
 .text.insert_uart_AT_Q
                0x000000000800228c       0x24 Core/Src/Jcnet/uartLib.o
                0x000000000800228c                insert_uart_AT_Q
 .text.insert_uart_Q
                0x00000000080022b0       0x60 Core/Src/Jcnet/uartLib.o
                0x00000000080022b0                insert_uart_Q
 .text.delete_uart_Q
                0x0000000008002310       0x4c Core/Src/Jcnet/uartLib.o
                0x0000000008002310                delete_uart_Q
 .text.is_available
                0x000000000800235c       0x24 Core/Src/Jcnet/uartLib.o
                0x000000000800235c                is_available
 .text.uart_rx_ready_IT
                0x0000000008002380       0x1c Core/Src/Jcnet/uartLib.o
                0x0000000008002380                uart_rx_ready_IT
 .text._write   0x000000000800239c       0x30 Core/Src/Jcnet/uartLib.o
                0x000000000800239c                _write
 .text.my_putchar
                0x00000000080023cc       0x1e Core/Src/Jcnet/uartLib.o
                0x00000000080023cc                my_putchar
 *fill*         0x00000000080023ea        0x2 
 .text.HAL_UART_RxCpltCallback
                0x00000000080023ec       0x74 Core/Src/Jcnet/uartLib.o
                0x00000000080023ec                HAL_UART_RxCpltCallback
 .text.Net_Conf
                0x0000000008002460       0x14 Core/Src/Jcnet/wiznet_cmd.o
 .text.Display_Net_Conf
                0x0000000008002474      0x100 Core/Src/Jcnet/wiznet_cmd.o
 .text.my_ip_assign
                0x0000000008002574       0x60 Core/Src/Jcnet/wiznet_cmd.o
                0x0000000008002574                my_ip_assign
 .text.my_ip_conflict
                0x00000000080025d4       0x10 Core/Src/Jcnet/wiznet_cmd.o
                0x00000000080025d4                my_ip_conflict
 .text.wiz_task
                0x00000000080025e4       0x6c Core/Src/Jcnet/wiznet_cmd.o
                0x00000000080025e4                wiz_task
 .text.wiz_fn   0x0000000008002650      0x1f0 Core/Src/Jcnet/wiznet_cmd.o
                0x0000000008002650                wiz_fn
 .text.main     0x0000000008002840      0x1a8 Core/Src/main.o
                0x0000000008002840                main
 .text.SystemClock_Config
                0x00000000080029e8       0x8a Core/Src/main.o
                0x00000000080029e8                SystemClock_Config
 *fill*         0x0000000008002a72        0x2 
 .text.MX_CAN_Init
                0x0000000008002a74       0x6c Core/Src/main.o
 .text.MX_I2C1_Init
                0x0000000008002ae0       0x5c Core/Src/main.o
 .text.MX_SPI1_Init
                0x0000000008002b3c       0x6c Core/Src/main.o
 .text.MX_USART1_UART_Init
                0x0000000008002ba8       0x54 Core/Src/main.o
 .text.MX_USART2_UART_Init
                0x0000000008002bfc       0x54 Core/Src/main.o
 .text.MX_USART3_UART_Init
                0x0000000008002c50       0x54 Core/Src/main.o
 .text.MX_GPIO_Init
                0x0000000008002ca4      0x1a8 Core/Src/main.o
 .text.Error_Handler
                0x0000000008002e4c        0xa Core/Src/main.o
                0x0000000008002e4c                Error_Handler
 *fill*         0x0000000008002e56        0x2 
 .text.HAL_MspInit
                0x0000000008002e58       0x64 Core/Src/stm32f1xx_hal_msp.o
                0x0000000008002e58                HAL_MspInit
 .text.HAL_CAN_MspInit
                0x0000000008002ebc       0xa8 Core/Src/stm32f1xx_hal_msp.o
                0x0000000008002ebc                HAL_CAN_MspInit
 .text.HAL_I2C_MspInit
                0x0000000008002f64       0xa0 Core/Src/stm32f1xx_hal_msp.o
                0x0000000008002f64                HAL_I2C_MspInit
 .text.HAL_SPI_MspInit
                0x0000000008003004       0x94 Core/Src/stm32f1xx_hal_msp.o
                0x0000000008003004                HAL_SPI_MspInit
 .text.HAL_UART_MspInit
                0x0000000008003098      0x210 Core/Src/stm32f1xx_hal_msp.o
                0x0000000008003098                HAL_UART_MspInit
 .text.NMI_Handler
                0x00000000080032a8        0x6 Core/Src/stm32f1xx_it.o
                0x00000000080032a8                NMI_Handler
 .text.HardFault_Handler
                0x00000000080032ae        0x6 Core/Src/stm32f1xx_it.o
                0x00000000080032ae                HardFault_Handler
 .text.MemManage_Handler
                0x00000000080032b4        0x6 Core/Src/stm32f1xx_it.o
                0x00000000080032b4                MemManage_Handler
 .text.BusFault_Handler
                0x00000000080032ba        0x6 Core/Src/stm32f1xx_it.o
                0x00000000080032ba                BusFault_Handler
 .text.UsageFault_Handler
                0x00000000080032c0        0x6 Core/Src/stm32f1xx_it.o
                0x00000000080032c0                UsageFault_Handler
 .text.SVC_Handler
                0x00000000080032c6        0xc Core/Src/stm32f1xx_it.o
                0x00000000080032c6                SVC_Handler
 .text.DebugMon_Handler
                0x00000000080032d2        0xc Core/Src/stm32f1xx_it.o
                0x00000000080032d2                DebugMon_Handler
 .text.PendSV_Handler
                0x00000000080032de        0xc Core/Src/stm32f1xx_it.o
                0x00000000080032de                PendSV_Handler
 .text.SysTick_Handler
                0x00000000080032ea        0xc Core/Src/stm32f1xx_it.o
                0x00000000080032ea                SysTick_Handler
 *fill*         0x00000000080032f6        0x2 
 .text.USB_LP_CAN1_RX0_IRQHandler
                0x00000000080032f8       0x14 Core/Src/stm32f1xx_it.o
                0x00000000080032f8                USB_LP_CAN1_RX0_IRQHandler
 .text.CAN1_RX1_IRQHandler
                0x000000000800330c       0x14 Core/Src/stm32f1xx_it.o
                0x000000000800330c                CAN1_RX1_IRQHandler
 .text.USART1_IRQHandler
                0x0000000008003320       0x14 Core/Src/stm32f1xx_it.o
                0x0000000008003320                USART1_IRQHandler
 .text.USART2_IRQHandler
                0x0000000008003334       0x14 Core/Src/stm32f1xx_it.o
                0x0000000008003334                USART2_IRQHandler
 .text.USART3_IRQHandler
                0x0000000008003348       0x60 Core/Src/stm32f1xx_it.o
                0x0000000008003348                USART3_IRQHandler
 .text._read    0x00000000080033a8       0x3a Core/Src/syscalls.o
                0x00000000080033a8                _read
 .text._close   0x00000000080033e2       0x16 Core/Src/syscalls.o
                0x00000000080033e2                _close
 .text._fstat   0x00000000080033f8       0x1e Core/Src/syscalls.o
                0x00000000080033f8                _fstat
 .text._isatty  0x0000000008003416       0x14 Core/Src/syscalls.o
                0x0000000008003416                _isatty
 .text._lseek   0x000000000800342a       0x18 Core/Src/syscalls.o
                0x000000000800342a                _lseek
 *fill*         0x0000000008003442        0x2 
 .text._sbrk    0x0000000008003444       0x6c Core/Src/sysmem.o
                0x0000000008003444                _sbrk
 .text.SystemInit
                0x00000000080034b0        0xc Core/Src/system_stm32f1xx.o
                0x00000000080034b0                SystemInit
 .text.Reset_Handler
                0x00000000080034bc       0x48 Core/Startup/startup_stm32f103rbtx.o
                0x00000000080034bc                Reset_Handler
 .text.Default_Handler
                0x0000000008003504        0x2 Core/Startup/startup_stm32f103rbtx.o
                0x0000000008003504                RTC_Alarm_IRQHandler
                0x0000000008003504                EXTI2_IRQHandler
                0x0000000008003504                TIM1_CC_IRQHandler
                0x0000000008003504                PVD_IRQHandler
                0x0000000008003504                EXTI3_IRQHandler
                0x0000000008003504                EXTI0_IRQHandler
                0x0000000008003504                I2C2_EV_IRQHandler
                0x0000000008003504                ADC1_2_IRQHandler
                0x0000000008003504                SPI1_IRQHandler
                0x0000000008003504                TAMPER_IRQHandler
                0x0000000008003504                DMA1_Channel4_IRQHandler
                0x0000000008003504                RTC_IRQHandler
                0x0000000008003504                DMA1_Channel7_IRQHandler
                0x0000000008003504                TIM4_IRQHandler
                0x0000000008003504                I2C1_EV_IRQHandler
                0x0000000008003504                DMA1_Channel6_IRQHandler
                0x0000000008003504                TIM3_IRQHandler
                0x0000000008003504                RCC_IRQHandler
                0x0000000008003504                TIM1_TRG_COM_IRQHandler
                0x0000000008003504                DMA1_Channel1_IRQHandler
                0x0000000008003504                Default_Handler
                0x0000000008003504                EXTI15_10_IRQHandler
                0x0000000008003504                EXTI9_5_IRQHandler
                0x0000000008003504                SPI2_IRQHandler
                0x0000000008003504                DMA1_Channel5_IRQHandler
                0x0000000008003504                EXTI4_IRQHandler
                0x0000000008003504                USB_HP_CAN1_TX_IRQHandler
                0x0000000008003504                DMA1_Channel3_IRQHandler
                0x0000000008003504                TIM1_UP_IRQHandler
                0x0000000008003504                WWDG_IRQHandler
                0x0000000008003504                TIM2_IRQHandler
                0x0000000008003504                TIM1_BRK_IRQHandler
                0x0000000008003504                EXTI1_IRQHandler
                0x0000000008003504                I2C2_ER_IRQHandler
                0x0000000008003504                DMA1_Channel2_IRQHandler
                0x0000000008003504                CAN1_SCE_IRQHandler
                0x0000000008003504                FLASH_IRQHandler
                0x0000000008003504                I2C1_ER_IRQHandler
                0x0000000008003504                USBWakeUp_IRQHandler
 *fill*         0x0000000008003506        0x2 
 .text.HAL_Init
                0x0000000008003508       0x2c Drivers/STM32F1xx_HAL_Driver/Src/stm32f1xx_hal.o
                0x0000000008003508                HAL_Init
 .text.HAL_InitTick
                0x0000000008003534       0x60 Drivers/STM32F1xx_HAL_Driver/Src/stm32f1xx_hal.o
                0x0000000008003534                HAL_InitTick
 .text.HAL_IncTick
                0x0000000008003594       0x24 Drivers/STM32F1xx_HAL_Driver/Src/stm32f1xx_hal.o
                0x0000000008003594                HAL_IncTick
 .text.HAL_GetTick
                0x00000000080035b8       0x14 Drivers/STM32F1xx_HAL_Driver/Src/stm32f1xx_hal.o
                0x00000000080035b8                HAL_GetTick
 .text.HAL_Delay
                0x00000000080035cc       0x48 Drivers/STM32F1xx_HAL_Driver/Src/stm32f1xx_hal.o
                0x00000000080035cc                HAL_Delay
 .text.HAL_CAN_Init
                0x0000000008003614      0x1f6 Drivers/STM32F1xx_HAL_Driver/Src/stm32f1xx_hal_can.o
                0x0000000008003614                HAL_CAN_Init
 .text.HAL_CAN_ConfigFilter
                0x000000000800380a      0x192 Drivers/STM32F1xx_HAL_Driver/Src/stm32f1xx_hal_can.o
                0x000000000800380a                HAL_CAN_ConfigFilter
 .text.HAL_CAN_Start
                0x000000000800399c       0x88 Drivers/STM32F1xx_HAL_Driver/Src/stm32f1xx_hal_can.o
                0x000000000800399c                HAL_CAN_Start
 .text.HAL_CAN_AddTxMessage
                0x0000000008003a24      0x19e Drivers/STM32F1xx_HAL_Driver/Src/stm32f1xx_hal_can.o
                0x0000000008003a24                HAL_CAN_AddTxMessage
 .text.HAL_CAN_GetTxMailboxesFreeLevel
                0x0000000008003bc2       0x68 Drivers/STM32F1xx_HAL_Driver/Src/stm32f1xx_hal_can.o
                0x0000000008003bc2                HAL_CAN_GetTxMailboxesFreeLevel
 .text.HAL_CAN_GetRxMessage
                0x0000000008003c2a      0x242 Drivers/STM32F1xx_HAL_Driver/Src/stm32f1xx_hal_can.o
                0x0000000008003c2a                HAL_CAN_GetRxMessage
 .text.HAL_CAN_GetRxFifoFillLevel
                0x0000000008003e6c       0x4e Drivers/STM32F1xx_HAL_Driver/Src/stm32f1xx_hal_can.o
                0x0000000008003e6c                HAL_CAN_GetRxFifoFillLevel
 .text.HAL_CAN_ActivateNotification
                0x0000000008003eba       0x4a Drivers/STM32F1xx_HAL_Driver/Src/stm32f1xx_hal_can.o
                0x0000000008003eba                HAL_CAN_ActivateNotification
 .text.HAL_CAN_IRQHandler
                0x0000000008003f04      0x36e Drivers/STM32F1xx_HAL_Driver/Src/stm32f1xx_hal_can.o
                0x0000000008003f04                HAL_CAN_IRQHandler
 .text.HAL_CAN_TxMailbox0AbortCallback
                0x0000000008004272       0x12 Drivers/STM32F1xx_HAL_Driver/Src/stm32f1xx_hal_can.o
                0x0000000008004272                HAL_CAN_TxMailbox0AbortCallback
 .text.HAL_CAN_TxMailbox1AbortCallback
                0x0000000008004284       0x12 Drivers/STM32F1xx_HAL_Driver/Src/stm32f1xx_hal_can.o
                0x0000000008004284                HAL_CAN_TxMailbox1AbortCallback
 .text.HAL_CAN_TxMailbox2AbortCallback
                0x0000000008004296       0x12 Drivers/STM32F1xx_HAL_Driver/Src/stm32f1xx_hal_can.o
                0x0000000008004296                HAL_CAN_TxMailbox2AbortCallback
 .text.HAL_CAN_RxFifo0FullCallback
                0x00000000080042a8       0x12 Drivers/STM32F1xx_HAL_Driver/Src/stm32f1xx_hal_can.o
                0x00000000080042a8                HAL_CAN_RxFifo0FullCallback
 .text.HAL_CAN_RxFifo1MsgPendingCallback
                0x00000000080042ba       0x12 Drivers/STM32F1xx_HAL_Driver/Src/stm32f1xx_hal_can.o
                0x00000000080042ba                HAL_CAN_RxFifo1MsgPendingCallback
 .text.HAL_CAN_RxFifo1FullCallback
                0x00000000080042cc       0x12 Drivers/STM32F1xx_HAL_Driver/Src/stm32f1xx_hal_can.o
                0x00000000080042cc                HAL_CAN_RxFifo1FullCallback
 .text.HAL_CAN_SleepCallback
                0x00000000080042de       0x12 Drivers/STM32F1xx_HAL_Driver/Src/stm32f1xx_hal_can.o
                0x00000000080042de                HAL_CAN_SleepCallback
 .text.HAL_CAN_WakeUpFromRxMsgCallback
                0x00000000080042f0       0x12 Drivers/STM32F1xx_HAL_Driver/Src/stm32f1xx_hal_can.o
                0x00000000080042f0                HAL_CAN_WakeUpFromRxMsgCallback
 .text.HAL_CAN_ErrorCallback
                0x0000000008004302       0x12 Drivers/STM32F1xx_HAL_Driver/Src/stm32f1xx_hal_can.o
                0x0000000008004302                HAL_CAN_ErrorCallback
 .text.__NVIC_SetPriorityGrouping
                0x0000000008004314       0x48 Drivers/STM32F1xx_HAL_Driver/Src/stm32f1xx_hal_cortex.o
 .text.__NVIC_GetPriorityGrouping
                0x000000000800435c       0x1c Drivers/STM32F1xx_HAL_Driver/Src/stm32f1xx_hal_cortex.o
 .text.__NVIC_EnableIRQ
                0x0000000008004378       0x38 Drivers/STM32F1xx_HAL_Driver/Src/stm32f1xx_hal_cortex.o
 .text.__NVIC_SetPriority
                0x00000000080043b0       0x54 Drivers/STM32F1xx_HAL_Driver/Src/stm32f1xx_hal_cortex.o
 .text.NVIC_EncodePriority
                0x0000000008004404       0x64 Drivers/STM32F1xx_HAL_Driver/Src/stm32f1xx_hal_cortex.o
 .text.SysTick_Config
                0x0000000008004468       0x44 Drivers/STM32F1xx_HAL_Driver/Src/stm32f1xx_hal_cortex.o
 .text.HAL_NVIC_SetPriorityGrouping
                0x00000000080044ac       0x16 Drivers/STM32F1xx_HAL_Driver/Src/stm32f1xx_hal_cortex.o
                0x00000000080044ac                HAL_NVIC_SetPriorityGrouping
 .text.HAL_NVIC_SetPriority
                0x00000000080044c2       0x38 Drivers/STM32F1xx_HAL_Driver/Src/stm32f1xx_hal_cortex.o
                0x00000000080044c2                HAL_NVIC_SetPriority
 .text.HAL_NVIC_EnableIRQ
                0x00000000080044fa       0x1c Drivers/STM32F1xx_HAL_Driver/Src/stm32f1xx_hal_cortex.o
                0x00000000080044fa                HAL_NVIC_EnableIRQ
 .text.HAL_SYSTICK_Config
                0x0000000008004516       0x18 Drivers/STM32F1xx_HAL_Driver/Src/stm32f1xx_hal_cortex.o
                0x0000000008004516                HAL_SYSTICK_Config
 .text.HAL_DMA_Abort
                0x000000000800452e       0x76 Drivers/STM32F1xx_HAL_Driver/Src/stm32f1xx_hal_dma.o
                0x000000000800452e                HAL_DMA_Abort
 .text.HAL_DMA_Abort_IT
                0x00000000080045a4       0xf0 Drivers/STM32F1xx_HAL_Driver/Src/stm32f1xx_hal_dma.o
                0x00000000080045a4                HAL_DMA_Abort_IT
 .text.HAL_GPIO_Init
                0x0000000008004694      0x308 Drivers/STM32F1xx_HAL_Driver/Src/stm32f1xx_hal_gpio.o
                0x0000000008004694                HAL_GPIO_Init
 .text.HAL_GPIO_WritePin
                0x000000000800499c       0x30 Drivers/STM32F1xx_HAL_Driver/Src/stm32f1xx_hal_gpio.o
                0x000000000800499c                HAL_GPIO_WritePin
 .text.HAL_I2C_Init
                0x00000000080049cc      0x288 Drivers/STM32F1xx_HAL_Driver/Src/stm32f1xx_hal_i2c.o
                0x00000000080049cc                HAL_I2C_Init
 .text.HAL_RCC_OscConfig
                0x0000000008004c54      0x500 Drivers/STM32F1xx_HAL_Driver/Src/stm32f1xx_hal_rcc.o
                0x0000000008004c54                HAL_RCC_OscConfig
 .text.HAL_RCC_ClockConfig
                0x0000000008005154      0x1d4 Drivers/STM32F1xx_HAL_Driver/Src/stm32f1xx_hal_rcc.o
                0x0000000008005154                HAL_RCC_ClockConfig
 .text.HAL_RCC_GetSysClockFreq
                0x0000000008005328       0xa8 Drivers/STM32F1xx_HAL_Driver/Src/stm32f1xx_hal_rcc.o
                0x0000000008005328                HAL_RCC_GetSysClockFreq
 .text.HAL_RCC_GetHCLKFreq
                0x00000000080053d0       0x14 Drivers/STM32F1xx_HAL_Driver/Src/stm32f1xx_hal_rcc.o
                0x00000000080053d0                HAL_RCC_GetHCLKFreq
 .text.HAL_RCC_GetPCLK1Freq
                0x00000000080053e4       0x28 Drivers/STM32F1xx_HAL_Driver/Src/stm32f1xx_hal_rcc.o
                0x00000000080053e4                HAL_RCC_GetPCLK1Freq
 .text.HAL_RCC_GetPCLK2Freq
                0x000000000800540c       0x28 Drivers/STM32F1xx_HAL_Driver/Src/stm32f1xx_hal_rcc.o
                0x000000000800540c                HAL_RCC_GetPCLK2Freq
 .text.RCC_Delay
                0x0000000008005434       0x3c Drivers/STM32F1xx_HAL_Driver/Src/stm32f1xx_hal_rcc.o
 .text.HAL_SPI_Init
                0x0000000008005470      0x108 Drivers/STM32F1xx_HAL_Driver/Src/stm32f1xx_hal_spi.o
                0x0000000008005470                HAL_SPI_Init
 .text.HAL_SPI_Transmit
                0x0000000008005578      0x286 Drivers/STM32F1xx_HAL_Driver/Src/stm32f1xx_hal_spi.o
                0x0000000008005578                HAL_SPI_Transmit
 .text.HAL_SPI_Receive
                0x00000000080057fe      0x230 Drivers/STM32F1xx_HAL_Driver/Src/stm32f1xx_hal_spi.o
                0x00000000080057fe                HAL_SPI_Receive
 .text.HAL_SPI_TransmitReceive
                0x0000000008005a2e      0x360 Drivers/STM32F1xx_HAL_Driver/Src/stm32f1xx_hal_spi.o
                0x0000000008005a2e                HAL_SPI_TransmitReceive
 *fill*         0x0000000008005d8e        0x2 
 .text.SPI_WaitFlagStateUntilTimeout
                0x0000000008005d90      0x110 Drivers/STM32F1xx_HAL_Driver/Src/stm32f1xx_hal_spi.o
 .text.SPI_EndRxTransaction
                0x0000000008005ea0       0xa4 Drivers/STM32F1xx_HAL_Driver/Src/stm32f1xx_hal_spi.o
 .text.SPI_EndRxTxTransaction
                0x0000000008005f44       0x3c Drivers/STM32F1xx_HAL_Driver/Src/stm32f1xx_hal_spi.o
 .text.HAL_UART_Init
                0x0000000008005f80       0xa0 Drivers/STM32F1xx_HAL_Driver/Src/stm32f1xx_hal_uart.o
                0x0000000008005f80                HAL_UART_Init
 .text.HAL_UART_Transmit
                0x0000000008006020      0x106 Drivers/STM32F1xx_HAL_Driver/Src/stm32f1xx_hal_uart.o
                0x0000000008006020                HAL_UART_Transmit
 .text.HAL_UART_Receive_IT
                0x0000000008006126       0x4a Drivers/STM32F1xx_HAL_Driver/Src/stm32f1xx_hal_uart.o
                0x0000000008006126                HAL_UART_Receive_IT
 .text.HAL_UART_IRQHandler
                0x0000000008006170      0x524 Drivers/STM32F1xx_HAL_Driver/Src/stm32f1xx_hal_uart.o
                0x0000000008006170                HAL_UART_IRQHandler
 .text.HAL_UART_TxCpltCallback
                0x0000000008006694       0x12 Drivers/STM32F1xx_HAL_Driver/Src/stm32f1xx_hal_uart.o
                0x0000000008006694                HAL_UART_TxCpltCallback
 .text.HAL_UART_ErrorCallback
                0x00000000080066a6       0x12 Drivers/STM32F1xx_HAL_Driver/Src/stm32f1xx_hal_uart.o
                0x00000000080066a6                HAL_UART_ErrorCallback
 .text.HAL_UARTEx_RxEventCallback
                0x00000000080066b8       0x16 Drivers/STM32F1xx_HAL_Driver/Src/stm32f1xx_hal_uart.o
                0x00000000080066b8                HAL_UARTEx_RxEventCallback
 .text.UART_WaitOnFlagUntilTimeout
                0x00000000080066ce       0xdc Drivers/STM32F1xx_HAL_Driver/Src/stm32f1xx_hal_uart.o
 .text.UART_Start_Receive_IT
                0x00000000080067aa       0x72 Drivers/STM32F1xx_HAL_Driver/Src/stm32f1xx_hal_uart.o
                0x00000000080067aa                UART_Start_Receive_IT
 .text.UART_EndRxTransfer
                0x000000000800681c       0xc4 Drivers/STM32F1xx_HAL_Driver/Src/stm32f1xx_hal_uart.o
 .text.UART_DMAAbortOnError
                0x00000000080068e0       0x28 Drivers/STM32F1xx_HAL_Driver/Src/stm32f1xx_hal_uart.o
 .text.UART_Transmit_IT
                0x0000000008006908       0x9e Drivers/STM32F1xx_HAL_Driver/Src/stm32f1xx_hal_uart.o
 .text.UART_EndTransmit_IT
                0x00000000080069a6       0x30 Drivers/STM32F1xx_HAL_Driver/Src/stm32f1xx_hal_uart.o
 .text.UART_Receive_IT
                0x00000000080069d6      0x17c Drivers/STM32F1xx_HAL_Driver/Src/stm32f1xx_hal_uart.o
 *fill*         0x0000000008006b52        0x2 
 .text.UART_SetConfig
                0x0000000008006b54      0x11c Drivers/STM32F1xx_HAL_Driver/Src/stm32f1xx_hal_uart.o
 .text.loopback_udps
                0x0000000008006c70      0x12c Drivers/ioLibrary_Driver-master/Application/loopback/loopback.o
                0x0000000008006c70                loopback_udps
 .text.WIZCHIP_READ
                0x0000000008006d9c       0x98 Drivers/ioLibrary_Driver-master/Ethernet/W5500/w5500.o
                0x0000000008006d9c                WIZCHIP_READ
 .text.WIZCHIP_WRITE
                0x0000000008006e34       0x9c Drivers/ioLibrary_Driver-master/Ethernet/W5500/w5500.o
                0x0000000008006e34                WIZCHIP_WRITE
 .text.WIZCHIP_READ_BUF
                0x0000000008006ed0       0xc0 Drivers/ioLibrary_Driver-master/Ethernet/W5500/w5500.o
                0x0000000008006ed0                WIZCHIP_READ_BUF
 .text.WIZCHIP_WRITE_BUF
                0x0000000008006f90       0xc0 Drivers/ioLibrary_Driver-master/Ethernet/W5500/w5500.o
                0x0000000008006f90                WIZCHIP_WRITE_BUF
 .text.getSn_TX_FSR
                0x0000000008007050       0x96 Drivers/ioLibrary_Driver-master/Ethernet/W5500/w5500.o
                0x0000000008007050                getSn_TX_FSR
 .text.getSn_RX_RSR
                0x00000000080070e6       0x96 Drivers/ioLibrary_Driver-master/Ethernet/W5500/w5500.o
                0x00000000080070e6                getSn_RX_RSR
 .text.wiz_send_data
                0x000000000800717c       0xb8 Drivers/ioLibrary_Driver-master/Ethernet/W5500/w5500.o
                0x000000000800717c                wiz_send_data
 .text.wiz_recv_data
                0x0000000008007234       0xb8 Drivers/ioLibrary_Driver-master/Ethernet/W5500/w5500.o
                0x0000000008007234                wiz_recv_data
 .text.wiz_recv_ignore
                0x00000000080072ec       0x90 Drivers/ioLibrary_Driver-master/Ethernet/W5500/w5500.o
                0x00000000080072ec                wiz_recv_ignore
 .text.socket   0x000000000800737c      0x22c Drivers/ioLibrary_Driver-master/Ethernet/socket.o
                0x000000000800737c                socket
 .text.close    0x00000000080075a8       0xdc Drivers/ioLibrary_Driver-master/Ethernet/socket.o
                0x00000000080075a8                close
 .text.sendto   0x0000000008007684      0x26c Drivers/ioLibrary_Driver-master/Ethernet/socket.o
                0x0000000008007684                sendto
 .text.recvfrom
                0x00000000080078f0      0x3dc Drivers/ioLibrary_Driver-master/Ethernet/socket.o
                0x00000000080078f0                recvfrom
 .text.wizchip_cris_enter
                0x0000000008007ccc       0x10 Drivers/ioLibrary_Driver-master/Ethernet/wizchip_conf.o
                0x0000000008007ccc                wizchip_cris_enter
 .text.wizchip_cris_exit
                0x0000000008007cdc       0x10 Drivers/ioLibrary_Driver-master/Ethernet/wizchip_conf.o
                0x0000000008007cdc                wizchip_cris_exit
 .text.wizchip_cs_select
                0x0000000008007cec       0x18 Drivers/ioLibrary_Driver-master/Ethernet/wizchip_conf.o
                0x0000000008007cec                wizchip_cs_select
 .text.wizchip_cs_deselect
                0x0000000008007d04       0x18 Drivers/ioLibrary_Driver-master/Ethernet/wizchip_conf.o
                0x0000000008007d04                wizchip_cs_deselect
 .text.wizchip_spi_readbyte
                0x0000000008007d1c       0x24 Drivers/ioLibrary_Driver-master/Ethernet/wizchip_conf.o
                0x0000000008007d1c                wizchip_spi_readbyte
 .text.wizchip_spi_writebyte
                0x0000000008007d40       0x2c Drivers/ioLibrary_Driver-master/Ethernet/wizchip_conf.o
                0x0000000008007d40                wizchip_spi_writebyte
 .text.ctlwizchip
                0x0000000008007d6c      0x1c4 Drivers/ioLibrary_Driver-master/Ethernet/wizchip_conf.o
                0x0000000008007d6c                ctlwizchip
 .text.ctlnetwork
                0x0000000008007f30       0x7c Drivers/ioLibrary_Driver-master/Ethernet/wizchip_conf.o
                0x0000000008007f30                ctlnetwork
 .text.wizchip_sw_reset
                0x0000000008007fac       0x98 Drivers/ioLibrary_Driver-master/Ethernet/wizchip_conf.o
                0x0000000008007fac                wizchip_sw_reset
 .text.wizchip_init
                0x0000000008008044      0x118 Drivers/ioLibrary_Driver-master/Ethernet/wizchip_conf.o
                0x0000000008008044                wizchip_init
 .text.wizchip_clrinterrupt
                0x000000000800815c       0x68 Drivers/ioLibrary_Driver-master/Ethernet/wizchip_conf.o
                0x000000000800815c                wizchip_clrinterrupt
 .text.wizchip_getinterrupt
                0x00000000080081c4       0x4a Drivers/ioLibrary_Driver-master/Ethernet/wizchip_conf.o
                0x00000000080081c4                wizchip_getinterrupt
 .text.wizchip_setinterruptmask
                0x000000000800820e       0x36 Drivers/ioLibrary_Driver-master/Ethernet/wizchip_conf.o
                0x000000000800820e                wizchip_setinterruptmask
 .text.wizchip_getinterruptmask
                0x0000000008008244       0x46 Drivers/ioLibrary_Driver-master/Ethernet/wizchip_conf.o
                0x0000000008008244                wizchip_getinterruptmask
 .text.wizphy_getphylink
                0x000000000800828a       0x2c Drivers/ioLibrary_Driver-master/Ethernet/wizchip_conf.o
                0x000000000800828a                wizphy_getphylink
 .text.wizphy_getphypmode
                0x00000000080082b6       0x32 Drivers/ioLibrary_Driver-master/Ethernet/wizchip_conf.o
                0x00000000080082b6                wizphy_getphypmode
 .text.wizphy_reset
                0x00000000080082e8       0x4e Drivers/ioLibrary_Driver-master/Ethernet/wizchip_conf.o
                0x00000000080082e8                wizphy_reset
 .text.wizphy_setphyconf
                0x0000000008008336       0x84 Drivers/ioLibrary_Driver-master/Ethernet/wizchip_conf.o
                0x0000000008008336                wizphy_setphyconf
 .text.wizphy_getphyconf
                0x00000000080083ba       0xd2 Drivers/ioLibrary_Driver-master/Ethernet/wizchip_conf.o
                0x00000000080083ba                wizphy_getphyconf
 .text.wizphy_setphypmode
                0x000000000800848c       0x94 Drivers/ioLibrary_Driver-master/Ethernet/wizchip_conf.o
                0x000000000800848c                wizphy_setphypmode
 .text.wizchip_setnetinfo
                0x0000000008008520       0x80 Drivers/ioLibrary_Driver-master/Ethernet/wizchip_conf.o
                0x0000000008008520                wizchip_setnetinfo
 .text.wizchip_getnetinfo
                0x00000000080085a0       0x80 Drivers/ioLibrary_Driver-master/Ethernet/wizchip_conf.o
                0x00000000080085a0                wizchip_getnetinfo
 .text.wizchip_setnetmode
                0x0000000008008620       0x44 Drivers/ioLibrary_Driver-master/Ethernet/wizchip_conf.o
                0x0000000008008620                wizchip_setnetmode
 .text.wizchip_getnetmode
                0x0000000008008664       0x10 Drivers/ioLibrary_Driver-master/Ethernet/wizchip_conf.o
                0x0000000008008664                wizchip_getnetmode
 .text.wizchip_settimeout
                0x0000000008008674       0x42 Drivers/ioLibrary_Driver-master/Ethernet/wizchip_conf.o
                0x0000000008008674                wizchip_settimeout
 .text.wizchip_gettimeout
                0x00000000080086b6       0x44 Drivers/ioLibrary_Driver-master/Ethernet/wizchip_conf.o
                0x00000000080086b6                wizchip_gettimeout
 *fill*         0x00000000080086fa        0x2 
 .text.default_ip_assign
                0x00000000080086fc       0x38 Drivers/ioLibrary_Driver-master/Internet/DHCP/dhcp.o
                0x00000000080086fc                default_ip_assign
 .text.default_ip_update
                0x0000000008008734       0x2c Drivers/ioLibrary_Driver-master/Internet/DHCP/dhcp.o
                0x0000000008008734                default_ip_update
 .text.default_ip_conflict
                0x0000000008008760       0x28 Drivers/ioLibrary_Driver-master/Internet/DHCP/dhcp.o
                0x0000000008008760                default_ip_conflict
 .text.reg_dhcp_cbfunc
                0x0000000008008788       0x64 Drivers/ioLibrary_Driver-master/Internet/DHCP/dhcp.o
                0x0000000008008788                reg_dhcp_cbfunc
 .text.makeDHCPMSG
                0x00000000080087ec      0x1ec Drivers/ioLibrary_Driver-master/Internet/DHCP/dhcp.o
                0x00000000080087ec                makeDHCPMSG
 .text.send_DHCP_DISCOVER
                0x00000000080089d8      0x38c Drivers/ioLibrary_Driver-master/Internet/DHCP/dhcp.o
                0x00000000080089d8                send_DHCP_DISCOVER
 .text.send_DHCP_REQUEST
                0x0000000008008d64      0x514 Drivers/ioLibrary_Driver-master/Internet/DHCP/dhcp.o
                0x0000000008008d64                send_DHCP_REQUEST
 .text.send_DHCP_DECLINE
                0x0000000008009278      0x2a4 Drivers/ioLibrary_Driver-master/Internet/DHCP/dhcp.o
                0x0000000008009278                send_DHCP_DECLINE
 .text.parseDHCPMSG
                0x000000000800951c      0x43c Drivers/ioLibrary_Driver-master/Internet/DHCP/dhcp.o
                0x000000000800951c                parseDHCPMSG
 .text.DHCP_run
                0x0000000008009958      0x234 Drivers/ioLibrary_Driver-master/Internet/DHCP/dhcp.o
                0x0000000008009958                DHCP_run
 .text.check_DHCP_timeout
                0x0000000008009b8c       0xc0 Drivers/ioLibrary_Driver-master/Internet/DHCP/dhcp.o
                0x0000000008009b8c                check_DHCP_timeout
 .text.check_DHCP_leasedIP
                0x0000000008009c4c       0x7c Drivers/ioLibrary_Driver-master/Internet/DHCP/dhcp.o
                0x0000000008009c4c                check_DHCP_leasedIP
 .text.DHCP_init
                0x0000000008009cc8      0x128 Drivers/ioLibrary_Driver-master/Internet/DHCP/dhcp.o
                0x0000000008009cc8                DHCP_init
 .text.reset_DHCP_timeout
                0x0000000008009df0       0x2c Drivers/ioLibrary_Driver-master/Internet/DHCP/dhcp.o
                0x0000000008009df0                reset_DHCP_timeout
 .text.getIPfromDHCP
                0x0000000008009e1c       0x3c Drivers/ioLibrary_Driver-master/Internet/DHCP/dhcp.o
                0x0000000008009e1c                getIPfromDHCP
 .text.getGWfromDHCP
                0x0000000008009e58       0x3c Drivers/ioLibrary_Driver-master/Internet/DHCP/dhcp.o
                0x0000000008009e58                getGWfromDHCP
 .text.getSNfromDHCP
                0x0000000008009e94       0x3c Drivers/ioLibrary_Driver-master/Internet/DHCP/dhcp.o
                0x0000000008009e94                getSNfromDHCP
 .text.getDNSfromDHCP
                0x0000000008009ed0       0x3c Drivers/ioLibrary_Driver-master/Internet/DHCP/dhcp.o
                0x0000000008009ed0                getDNSfromDHCP
 .text.getDHCPLeasetime
                0x0000000008009f0c       0x14 Drivers/ioLibrary_Driver-master/Internet/DHCP/dhcp.o
                0x0000000008009f0c                getDHCPLeasetime
 .text.NibbleToHex
                0x0000000008009f20       0x30 Drivers/ioLibrary_Driver-master/Internet/DHCP/dhcp.o
                0x0000000008009f20                NibbleToHex
 .text.atoi     0x0000000008009f50        0x8 c:/st/stm32cubeide_1.6.1/stm32cubeide/plugins/com.st.stm32cube.ide.mcu.externaltools.gnu-tools-for-stm32.9-2020-q2-update.win32_1.5.0.202011040924/tools/bin/../lib/gcc/arm-none-eabi/9.3.1/../../../../arm-none-eabi/lib/thumb/v7-m/nofp\libc_nano.a(lib_a-atoi.o)
                0x0000000008009f50                atoi
 .text.__errno  0x0000000008009f58        0xc c:/st/stm32cubeide_1.6.1/stm32cubeide/plugins/com.st.stm32cube.ide.mcu.externaltools.gnu-tools-for-stm32.9-2020-q2-update.win32_1.5.0.202011040924/tools/bin/../lib/gcc/arm-none-eabi/9.3.1/../../../../arm-none-eabi/lib/thumb/v7-m/nofp\libc_nano.a(lib_a-errno.o)
                0x0000000008009f58                __errno
 .text.__sflush_r
                0x0000000008009f64      0x10c c:/st/stm32cubeide_1.6.1/stm32cubeide/plugins/com.st.stm32cube.ide.mcu.externaltools.gnu-tools-for-stm32.9-2020-q2-update.win32_1.5.0.202011040924/tools/bin/../lib/gcc/arm-none-eabi/9.3.1/../../../../arm-none-eabi/lib/thumb/v7-m/nofp\libc_nano.a(lib_a-fflush.o)
                0x0000000008009f64                __sflush_r
 .text._fflush_r
                0x000000000800a070       0x78 c:/st/stm32cubeide_1.6.1/stm32cubeide/plugins/com.st.stm32cube.ide.mcu.externaltools.gnu-tools-for-stm32.9-2020-q2-update.win32_1.5.0.202011040924/tools/bin/../lib/gcc/arm-none-eabi/9.3.1/../../../../arm-none-eabi/lib/thumb/v7-m/nofp\libc_nano.a(lib_a-fflush.o)
                0x000000000800a070                _fflush_r
 .text.fflush   0x000000000800a0e8       0x24 c:/st/stm32cubeide_1.6.1/stm32cubeide/plugins/com.st.stm32cube.ide.mcu.externaltools.gnu-tools-for-stm32.9-2020-q2-update.win32_1.5.0.202011040924/tools/bin/../lib/gcc/arm-none-eabi/9.3.1/../../../../arm-none-eabi/lib/thumb/v7-m/nofp\libc_nano.a(lib_a-fflush.o)
                0x000000000800a0e8                fflush
 .text.std      0x000000000800a10c       0x48 c:/st/stm32cubeide_1.6.1/stm32cubeide/plugins/com.st.stm32cube.ide.mcu.externaltools.gnu-tools-for-stm32.9-2020-q2-update.win32_1.5.0.202011040924/tools/bin/../lib/gcc/arm-none-eabi/9.3.1/../../../../arm-none-eabi/lib/thumb/v7-m/nofp\libc_nano.a(lib_a-findfp.o)
 .text._cleanup_r
                0x000000000800a154        0xc c:/st/stm32cubeide_1.6.1/stm32cubeide/plugins/com.st.stm32cube.ide.mcu.externaltools.gnu-tools-for-stm32.9-2020-q2-update.win32_1.5.0.202011040924/tools/bin/../lib/gcc/arm-none-eabi/9.3.1/../../../../arm-none-eabi/lib/thumb/v7-m/nofp\libc_nano.a(lib_a-findfp.o)
                0x000000000800a154                _cleanup_r
 .text.__sfmoreglue
                0x000000000800a160       0x2c c:/st/stm32cubeide_1.6.1/stm32cubeide/plugins/com.st.stm32cube.ide.mcu.externaltools.gnu-tools-for-stm32.9-2020-q2-update.win32_1.5.0.202011040924/tools/bin/../lib/gcc/arm-none-eabi/9.3.1/../../../../arm-none-eabi/lib/thumb/v7-m/nofp\libc_nano.a(lib_a-findfp.o)
                0x000000000800a160                __sfmoreglue
 .text.__sfp_lock_acquire
                0x000000000800a18c        0xc c:/st/stm32cubeide_1.6.1/stm32cubeide/plugins/com.st.stm32cube.ide.mcu.externaltools.gnu-tools-for-stm32.9-2020-q2-update.win32_1.5.0.202011040924/tools/bin/../lib/gcc/arm-none-eabi/9.3.1/../../../../arm-none-eabi/lib/thumb/v7-m/nofp\libc_nano.a(lib_a-findfp.o)
                0x000000000800a18c                __sfp_lock_acquire
 .text.__sfp_lock_release
                0x000000000800a198        0xc c:/st/stm32cubeide_1.6.1/stm32cubeide/plugins/com.st.stm32cube.ide.mcu.externaltools.gnu-tools-for-stm32.9-2020-q2-update.win32_1.5.0.202011040924/tools/bin/../lib/gcc/arm-none-eabi/9.3.1/../../../../arm-none-eabi/lib/thumb/v7-m/nofp\libc_nano.a(lib_a-findfp.o)
                0x000000000800a198                __sfp_lock_release
 .text.__sinit_lock_acquire
                0x000000000800a1a4        0xc c:/st/stm32cubeide_1.6.1/stm32cubeide/plugins/com.st.stm32cube.ide.mcu.externaltools.gnu-tools-for-stm32.9-2020-q2-update.win32_1.5.0.202011040924/tools/bin/../lib/gcc/arm-none-eabi/9.3.1/../../../../arm-none-eabi/lib/thumb/v7-m/nofp\libc_nano.a(lib_a-findfp.o)
                0x000000000800a1a4                __sinit_lock_acquire
 .text.__sinit_lock_release
                0x000000000800a1b0        0xc c:/st/stm32cubeide_1.6.1/stm32cubeide/plugins/com.st.stm32cube.ide.mcu.externaltools.gnu-tools-for-stm32.9-2020-q2-update.win32_1.5.0.202011040924/tools/bin/../lib/gcc/arm-none-eabi/9.3.1/../../../../arm-none-eabi/lib/thumb/v7-m/nofp\libc_nano.a(lib_a-findfp.o)
                0x000000000800a1b0                __sinit_lock_release
 .text.__sinit  0x000000000800a1bc       0x70 c:/st/stm32cubeide_1.6.1/stm32cubeide/plugins/com.st.stm32cube.ide.mcu.externaltools.gnu-tools-for-stm32.9-2020-q2-update.win32_1.5.0.202011040924/tools/bin/../lib/gcc/arm-none-eabi/9.3.1/../../../../arm-none-eabi/lib/thumb/v7-m/nofp\libc_nano.a(lib_a-findfp.o)
                0x000000000800a1bc                __sinit
 .text.__sfp    0x000000000800a22c       0x8c c:/st/stm32cubeide_1.6.1/stm32cubeide/plugins/com.st.stm32cube.ide.mcu.externaltools.gnu-tools-for-stm32.9-2020-q2-update.win32_1.5.0.202011040924/tools/bin/../lib/gcc/arm-none-eabi/9.3.1/../../../../arm-none-eabi/lib/thumb/v7-m/nofp\libc_nano.a(lib_a-findfp.o)
                0x000000000800a22c                __sfp
 .text._fwalk_reent
                0x000000000800a2b8       0x3e c:/st/stm32cubeide_1.6.1/stm32cubeide/plugins/com.st.stm32cube.ide.mcu.externaltools.gnu-tools-for-stm32.9-2020-q2-update.win32_1.5.0.202011040924/tools/bin/../lib/gcc/arm-none-eabi/9.3.1/../../../../arm-none-eabi/lib/thumb/v7-m/nofp\libc_nano.a(lib_a-fwalk.o)
                0x000000000800a2b8                _fwalk_reent
 *fill*         0x000000000800a2f6        0x2 
 .text.__libc_init_array
                0x000000000800a2f8       0x48 c:/st/stm32cubeide_1.6.1/stm32cubeide/plugins/com.st.stm32cube.ide.mcu.externaltools.gnu-tools-for-stm32.9-2020-q2-update.win32_1.5.0.202011040924/tools/bin/../lib/gcc/arm-none-eabi/9.3.1/../../../../arm-none-eabi/lib/thumb/v7-m/nofp\libc_nano.a(lib_a-init.o)
                0x000000000800a2f8                __libc_init_array
 .text.__retarget_lock_init_recursive
                0x000000000800a340        0x2 c:/st/stm32cubeide_1.6.1/stm32cubeide/plugins/com.st.stm32cube.ide.mcu.externaltools.gnu-tools-for-stm32.9-2020-q2-update.win32_1.5.0.202011040924/tools/bin/../lib/gcc/arm-none-eabi/9.3.1/../../../../arm-none-eabi/lib/thumb/v7-m/nofp\libc_nano.a(lib_a-lock.o)
                0x000000000800a340                __retarget_lock_init_recursive
 .text.__retarget_lock_acquire_recursive
                0x000000000800a342        0x2 c:/st/stm32cubeide_1.6.1/stm32cubeide/plugins/com.st.stm32cube.ide.mcu.externaltools.gnu-tools-for-stm32.9-2020-q2-update.win32_1.5.0.202011040924/tools/bin/../lib/gcc/arm-none-eabi/9.3.1/../../../../arm-none-eabi/lib/thumb/v7-m/nofp\libc_nano.a(lib_a-lock.o)
                0x000000000800a342                __retarget_lock_acquire_recursive
 .text.__retarget_lock_release_recursive
                0x000000000800a344        0x2 c:/st/stm32cubeide_1.6.1/stm32cubeide/plugins/com.st.stm32cube.ide.mcu.externaltools.gnu-tools-for-stm32.9-2020-q2-update.win32_1.5.0.202011040924/tools/bin/../lib/gcc/arm-none-eabi/9.3.1/../../../../arm-none-eabi/lib/thumb/v7-m/nofp\libc_nano.a(lib_a-lock.o)
                0x000000000800a344                __retarget_lock_release_recursive
 .text.memcpy   0x000000000800a346       0x1c c:/st/stm32cubeide_1.6.1/stm32cubeide/plugins/com.st.stm32cube.ide.mcu.externaltools.gnu-tools-for-stm32.9-2020-q2-update.win32_1.5.0.202011040924/tools/bin/../lib/gcc/arm-none-eabi/9.3.1/../../../../arm-none-eabi/lib/thumb/v7-m/nofp\libc_nano.a(lib_a-memcpy-stub.o)
                0x000000000800a346                memcpy
 .text.memset   0x000000000800a362       0x10 c:/st/stm32cubeide_1.6.1/stm32cubeide/plugins/com.st.stm32cube.ide.mcu.externaltools.gnu-tools-for-stm32.9-2020-q2-update.win32_1.5.0.202011040924/tools/bin/../lib/gcc/arm-none-eabi/9.3.1/../../../../arm-none-eabi/lib/thumb/v7-m/nofp\libc_nano.a(lib_a-memset.o)
                0x000000000800a362                memset
 *fill*         0x000000000800a372        0x2 
 .text._free_r  0x000000000800a374       0x98 c:/st/stm32cubeide_1.6.1/stm32cubeide/plugins/com.st.stm32cube.ide.mcu.externaltools.gnu-tools-for-stm32.9-2020-q2-update.win32_1.5.0.202011040924/tools/bin/../lib/gcc/arm-none-eabi/9.3.1/../../../../arm-none-eabi/lib/thumb/v7-m/nofp\libc_nano.a(lib_a-nano-freer.o)
                0x000000000800a374                _free_r
 .text._malloc_r
                0x000000000800a40c       0xb4 c:/st/stm32cubeide_1.6.1/stm32cubeide/plugins/com.st.stm32cube.ide.mcu.externaltools.gnu-tools-for-stm32.9-2020-q2-update.win32_1.5.0.202011040924/tools/bin/../lib/gcc/arm-none-eabi/9.3.1/../../../../arm-none-eabi/lib/thumb/v7-m/nofp\libc_nano.a(lib_a-nano-mallocr.o)
                0x000000000800a40c                _malloc_r
 .text.printf   0x000000000800a4c0       0x30 c:/st/stm32cubeide_1.6.1/stm32cubeide/plugins/com.st.stm32cube.ide.mcu.externaltools.gnu-tools-for-stm32.9-2020-q2-update.win32_1.5.0.202011040924/tools/bin/../lib/gcc/arm-none-eabi/9.3.1/../../../../arm-none-eabi/lib/thumb/v7-m/nofp\libc_nano.a(lib_a-printf.o)
                0x000000000800a4c0                iprintf
                0x000000000800a4c0                printf
 .text.putchar  0x000000000800a4f0       0x28 c:/st/stm32cubeide_1.6.1/stm32cubeide/plugins/com.st.stm32cube.ide.mcu.externaltools.gnu-tools-for-stm32.9-2020-q2-update.win32_1.5.0.202011040924/tools/bin/../lib/gcc/arm-none-eabi/9.3.1/../../../../arm-none-eabi/lib/thumb/v7-m/nofp\libc_nano.a(lib_a-putchar.o)
                0x000000000800a4f0                putchar
 .text._puts_r  0x000000000800a518       0xdc c:/st/stm32cubeide_1.6.1/stm32cubeide/plugins/com.st.stm32cube.ide.mcu.externaltools.gnu-tools-for-stm32.9-2020-q2-update.win32_1.5.0.202011040924/tools/bin/../lib/gcc/arm-none-eabi/9.3.1/../../../../arm-none-eabi/lib/thumb/v7-m/nofp\libc_nano.a(lib_a-puts.o)
                0x000000000800a518                _puts_r
 .text.puts     0x000000000800a5f4       0x10 c:/st/stm32cubeide_1.6.1/stm32cubeide/plugins/com.st.stm32cube.ide.mcu.externaltools.gnu-tools-for-stm32.9-2020-q2-update.win32_1.5.0.202011040924/tools/bin/../lib/gcc/arm-none-eabi/9.3.1/../../../../arm-none-eabi/lib/thumb/v7-m/nofp\libc_nano.a(lib_a-puts.o)
                0x000000000800a5f4                puts
 .text._sbrk_r  0x000000000800a604       0x20 c:/st/stm32cubeide_1.6.1/stm32cubeide/plugins/com.st.stm32cube.ide.mcu.externaltools.gnu-tools-for-stm32.9-2020-q2-update.win32_1.5.0.202011040924/tools/bin/../lib/gcc/arm-none-eabi/9.3.1/../../../../arm-none-eabi/lib/thumb/v7-m/nofp\libc_nano.a(lib_a-sbrkr.o)
                0x000000000800a604                _sbrk_r
 .text.sprintf  0x000000000800a624       0x40 c:/st/stm32cubeide_1.6.1/stm32cubeide/plugins/com.st.stm32cube.ide.mcu.externaltools.gnu-tools-for-stm32.9-2020-q2-update.win32_1.5.0.202011040924/tools/bin/../lib/gcc/arm-none-eabi/9.3.1/../../../../arm-none-eabi/lib/thumb/v7-m/nofp\libc_nano.a(lib_a-sprintf.o)
                0x000000000800a624                siprintf
                0x000000000800a624                sprintf
 .text.sscanf   0x000000000800a664       0x54 c:/st/stm32cubeide_1.6.1/stm32cubeide/plugins/com.st.stm32cube.ide.mcu.externaltools.gnu-tools-for-stm32.9-2020-q2-update.win32_1.5.0.202011040924/tools/bin/../lib/gcc/arm-none-eabi/9.3.1/../../../../arm-none-eabi/lib/thumb/v7-m/nofp\libc_nano.a(lib_a-sscanf.o)
                0x000000000800a664                siscanf
                0x000000000800a664                sscanf
 .text.__sread  0x000000000800a6b8       0x22 c:/st/stm32cubeide_1.6.1/stm32cubeide/plugins/com.st.stm32cube.ide.mcu.externaltools.gnu-tools-for-stm32.9-2020-q2-update.win32_1.5.0.202011040924/tools/bin/../lib/gcc/arm-none-eabi/9.3.1/../../../../arm-none-eabi/lib/thumb/v7-m/nofp\libc_nano.a(lib_a-stdio.o)
                0x000000000800a6b8                __sread
 .text.__seofread
                0x000000000800a6da        0x4 c:/st/stm32cubeide_1.6.1/stm32cubeide/plugins/com.st.stm32cube.ide.mcu.externaltools.gnu-tools-for-stm32.9-2020-q2-update.win32_1.5.0.202011040924/tools/bin/../lib/gcc/arm-none-eabi/9.3.1/../../../../arm-none-eabi/lib/thumb/v7-m/nofp\libc_nano.a(lib_a-stdio.o)
                0x000000000800a6da                __seofread
 .text.__swrite
                0x000000000800a6de       0x38 c:/st/stm32cubeide_1.6.1/stm32cubeide/plugins/com.st.stm32cube.ide.mcu.externaltools.gnu-tools-for-stm32.9-2020-q2-update.win32_1.5.0.202011040924/tools/bin/../lib/gcc/arm-none-eabi/9.3.1/../../../../arm-none-eabi/lib/thumb/v7-m/nofp\libc_nano.a(lib_a-stdio.o)
                0x000000000800a6de                __swrite
 .text.__sseek  0x000000000800a716       0x24 c:/st/stm32cubeide_1.6.1/stm32cubeide/plugins/com.st.stm32cube.ide.mcu.externaltools.gnu-tools-for-stm32.9-2020-q2-update.win32_1.5.0.202011040924/tools/bin/../lib/gcc/arm-none-eabi/9.3.1/../../../../arm-none-eabi/lib/thumb/v7-m/nofp\libc_nano.a(lib_a-stdio.o)
                0x000000000800a716                __sseek
 .text.__sclose
                0x000000000800a73a        0x8 c:/st/stm32cubeide_1.6.1/stm32cubeide/plugins/com.st.stm32cube.ide.mcu.externaltools.gnu-tools-for-stm32.9-2020-q2-update.win32_1.5.0.202011040924/tools/bin/../lib/gcc/arm-none-eabi/9.3.1/../../../../arm-none-eabi/lib/thumb/v7-m/nofp\libc_nano.a(lib_a-stdio.o)
                0x000000000800a73a                __sclose
 .text.strcpy   0x000000000800a742       0x10 c:/st/stm32cubeide_1.6.1/stm32cubeide/plugins/com.st.stm32cube.ide.mcu.externaltools.gnu-tools-for-stm32.9-2020-q2-update.win32_1.5.0.202011040924/tools/bin/../lib/gcc/arm-none-eabi/9.3.1/../../../../arm-none-eabi/lib/thumb/v7-m/nofp\libc_nano.a(lib_a-strcpy.o)
                0x000000000800a742                strcpy
 .text.strncmp  0x000000000800a752       0x24 c:/st/stm32cubeide_1.6.1/stm32cubeide/plugins/com.st.stm32cube.ide.mcu.externaltools.gnu-tools-for-stm32.9-2020-q2-update.win32_1.5.0.202011040924/tools/bin/../lib/gcc/arm-none-eabi/9.3.1/../../../../arm-none-eabi/lib/thumb/v7-m/nofp\libc_nano.a(lib_a-strncmp.o)
                0x000000000800a752                strncmp
 .text.strncpy  0x000000000800a776       0x26 c:/st/stm32cubeide_1.6.1/stm32cubeide/plugins/com.st.stm32cube.ide.mcu.externaltools.gnu-tools-for-stm32.9-2020-q2-update.win32_1.5.0.202011040924/tools/bin/../lib/gcc/arm-none-eabi/9.3.1/../../../../arm-none-eabi/lib/thumb/v7-m/nofp\libc_nano.a(lib_a-strncpy.o)
                0x000000000800a776                strncpy
 .text.strstr   0x000000000800a79c       0x2e c:/st/stm32cubeide_1.6.1/stm32cubeide/plugins/com.st.stm32cube.ide.mcu.externaltools.gnu-tools-for-stm32.9-2020-q2-update.win32_1.5.0.202011040924/tools/bin/../lib/gcc/arm-none-eabi/9.3.1/../../../../arm-none-eabi/lib/thumb/v7-m/nofp\libc_nano.a(lib_a-strstr.o)
                0x000000000800a79c                strstr
 *fill*         0x000000000800a7ca        0x2 
 .text._strtol_l.isra.0
                0x000000000800a7cc      0x10c c:/st/stm32cubeide_1.6.1/stm32cubeide/plugins/com.st.stm32cube.ide.mcu.externaltools.gnu-tools-for-stm32.9-2020-q2-update.win32_1.5.0.202011040924/tools/bin/../lib/gcc/arm-none-eabi/9.3.1/../../../../arm-none-eabi/lib/thumb/v7-m/nofp\libc_nano.a(lib_a-strtol.o)
 .text._strtol_r
                0x000000000800a8d8        0x4 c:/st/stm32cubeide_1.6.1/stm32cubeide/plugins/com.st.stm32cube.ide.mcu.externaltools.gnu-tools-for-stm32.9-2020-q2-update.win32_1.5.0.202011040924/tools/bin/../lib/gcc/arm-none-eabi/9.3.1/../../../../arm-none-eabi/lib/thumb/v7-m/nofp\libc_nano.a(lib_a-strtol.o)
                0x000000000800a8d8                _strtol_r
 .text.strtol   0x000000000800a8dc       0x14 c:/st/stm32cubeide_1.6.1/stm32cubeide/plugins/com.st.stm32cube.ide.mcu.externaltools.gnu-tools-for-stm32.9-2020-q2-update.win32_1.5.0.202011040924/tools/bin/../lib/gcc/arm-none-eabi/9.3.1/../../../../arm-none-eabi/lib/thumb/v7-m/nofp\libc_nano.a(lib_a-strtol.o)
                0x000000000800a8dc                strtol
 .text.__swbuf_r
                0x000000000800a8f0       0xa4 c:/st/stm32cubeide_1.6.1/stm32cubeide/plugins/com.st.stm32cube.ide.mcu.externaltools.gnu-tools-for-stm32.9-2020-q2-update.win32_1.5.0.202011040924/tools/bin/../lib/gcc/arm-none-eabi/9.3.1/../../../../arm-none-eabi/lib/thumb/v7-m/nofp\libc_nano.a(lib_a-wbuf.o)
                0x000000000800a8f0                __swbuf_r
 .text._write_r
                0x000000000800a994       0x24 c:/st/stm32cubeide_1.6.1/stm32cubeide/plugins/com.st.stm32cube.ide.mcu.externaltools.gnu-tools-for-stm32.9-2020-q2-update.win32_1.5.0.202011040924/tools/bin/../lib/gcc/arm-none-eabi/9.3.1/../../../../arm-none-eabi/lib/thumb/v7-m/nofp\libc_nano.a(lib_a-writer.o)
                0x000000000800a994                _write_r
 .text.__swsetup_r
                0x000000000800a9b8       0xdc c:/st/stm32cubeide_1.6.1/stm32cubeide/plugins/com.st.stm32cube.ide.mcu.externaltools.gnu-tools-for-stm32.9-2020-q2-update.win32_1.5.0.202011040924/tools/bin/../lib/gcc/arm-none-eabi/9.3.1/../../../../arm-none-eabi/lib/thumb/v7-m/nofp\libc_nano.a(lib_a-wsetup.o)
                0x000000000800a9b8                __swsetup_r
 .text._close_r
                0x000000000800aa94       0x20 c:/st/stm32cubeide_1.6.1/stm32cubeide/plugins/com.st.stm32cube.ide.mcu.externaltools.gnu-tools-for-stm32.9-2020-q2-update.win32_1.5.0.202011040924/tools/bin/../lib/gcc/arm-none-eabi/9.3.1/../../../../arm-none-eabi/lib/thumb/v7-m/nofp\libc_nano.a(lib_a-closer.o)
                0x000000000800aa94                _close_r
 .text._lseek_r
                0x000000000800aab4       0x24 c:/st/stm32cubeide_1.6.1/stm32cubeide/plugins/com.st.stm32cube.ide.mcu.externaltools.gnu-tools-for-stm32.9-2020-q2-update.win32_1.5.0.202011040924/tools/bin/../lib/gcc/arm-none-eabi/9.3.1/../../../../arm-none-eabi/lib/thumb/v7-m/nofp\libc_nano.a(lib_a-lseekr.o)
                0x000000000800aab4                _lseek_r
 .text.__swhatbuf_r
                0x000000000800aad8       0x48 c:/st/stm32cubeide_1.6.1/stm32cubeide/plugins/com.st.stm32cube.ide.mcu.externaltools.gnu-tools-for-stm32.9-2020-q2-update.win32_1.5.0.202011040924/tools/bin/../lib/gcc/arm-none-eabi/9.3.1/../../../../arm-none-eabi/lib/thumb/v7-m/nofp\libc_nano.a(lib_a-makebuf.o)
                0x000000000800aad8                __swhatbuf_r
 .text.__smakebuf_r
                0x000000000800ab20       0x80 c:/st/stm32cubeide_1.6.1/stm32cubeide/plugins/com.st.stm32cube.ide.mcu.externaltools.gnu-tools-for-stm32.9-2020-q2-update.win32_1.5.0.202011040924/tools/bin/../lib/gcc/arm-none-eabi/9.3.1/../../../../arm-none-eabi/lib/thumb/v7-m/nofp\libc_nano.a(lib_a-makebuf.o)
                0x000000000800ab20                __smakebuf_r
 .text.__malloc_lock
                0x000000000800aba0        0xc c:/st/stm32cubeide_1.6.1/stm32cubeide/plugins/com.st.stm32cube.ide.mcu.externaltools.gnu-tools-for-stm32.9-2020-q2-update.win32_1.5.0.202011040924/tools/bin/../lib/gcc/arm-none-eabi/9.3.1/../../../../arm-none-eabi/lib/thumb/v7-m/nofp\libc_nano.a(lib_a-mlock.o)
                0x000000000800aba0                __malloc_lock
 .text.__malloc_unlock
                0x000000000800abac        0xc c:/st/stm32cubeide_1.6.1/stm32cubeide/plugins/com.st.stm32cube.ide.mcu.externaltools.gnu-tools-for-stm32.9-2020-q2-update.win32_1.5.0.202011040924/tools/bin/../lib/gcc/arm-none-eabi/9.3.1/../../../../arm-none-eabi/lib/thumb/v7-m/nofp\libc_nano.a(lib_a-mlock.o)
                0x000000000800abac                __malloc_unlock
 .text.__ssputs_r
                0x000000000800abb8       0xb6 c:/st/stm32cubeide_1.6.1/stm32cubeide/plugins/com.st.stm32cube.ide.mcu.externaltools.gnu-tools-for-stm32.9-2020-q2-update.win32_1.5.0.202011040924/tools/bin/../lib/gcc/arm-none-eabi/9.3.1/../../../../arm-none-eabi/lib/thumb/v7-m/nofp\libc_nano.a(lib_a-nano-svfprintf.o)
                0x000000000800abb8                __ssputs_r
 *fill*         0x000000000800ac6e        0x2 
 .text._svfprintf_r
                0x000000000800ac70      0x200 c:/st/stm32cubeide_1.6.1/stm32cubeide/plugins/com.st.stm32cube.ide.mcu.externaltools.gnu-tools-for-stm32.9-2020-q2-update.win32_1.5.0.202011040924/tools/bin/../lib/gcc/arm-none-eabi/9.3.1/../../../../arm-none-eabi/lib/thumb/v7-m/nofp\libc_nano.a(lib_a-nano-svfprintf.o)
                0x000000000800ac70                _svfiprintf_r
                0x000000000800ac70                _svfprintf_r
 .text._sungetc_r
                0x000000000800ae70       0x7a c:/st/stm32cubeide_1.6.1/stm32cubeide/plugins/com.st.stm32cube.ide.mcu.externaltools.gnu-tools-for-stm32.9-2020-q2-update.win32_1.5.0.202011040924/tools/bin/../lib/gcc/arm-none-eabi/9.3.1/../../../../arm-none-eabi/lib/thumb/v7-m/nofp\libc_nano.a(lib_a-nano-svfscanf.o)
                0x000000000800ae70                _sungetc_r
 .text.__ssrefill_r
                0x000000000800aeea       0x3a c:/st/stm32cubeide_1.6.1/stm32cubeide/plugins/com.st.stm32cube.ide.mcu.externaltools.gnu-tools-for-stm32.9-2020-q2-update.win32_1.5.0.202011040924/tools/bin/../lib/gcc/arm-none-eabi/9.3.1/../../../../arm-none-eabi/lib/thumb/v7-m/nofp\libc_nano.a(lib_a-nano-svfscanf.o)
                0x000000000800aeea                __ssrefill_r
 .text.__ssvfscanf_r
                0x000000000800af24      0x2f4 c:/st/stm32cubeide_1.6.1/stm32cubeide/plugins/com.st.stm32cube.ide.mcu.externaltools.gnu-tools-for-stm32.9-2020-q2-update.win32_1.5.0.202011040924/tools/bin/../lib/gcc/arm-none-eabi/9.3.1/../../../../arm-none-eabi/lib/thumb/v7-m/nofp\libc_nano.a(lib_a-nano-svfscanf.o)
                0x000000000800af24                __ssvfiscanf_r
                0x000000000800af24                __ssvfscanf_r
 .text.__sfputc_r
                0x000000000800b218       0x2a c:/st/stm32cubeide_1.6.1/stm32cubeide/plugins/com.st.stm32cube.ide.mcu.externaltools.gnu-tools-for-stm32.9-2020-q2-update.win32_1.5.0.202011040924/tools/bin/../lib/gcc/arm-none-eabi/9.3.1/../../../../arm-none-eabi/lib/thumb/v7-m/nofp\libc_nano.a(lib_a-nano-vfprintf.o)
 .text.__sfputs_r
                0x000000000800b242       0x24 c:/st/stm32cubeide_1.6.1/stm32cubeide/plugins/com.st.stm32cube.ide.mcu.externaltools.gnu-tools-for-stm32.9-2020-q2-update.win32_1.5.0.202011040924/tools/bin/../lib/gcc/arm-none-eabi/9.3.1/../../../../arm-none-eabi/lib/thumb/v7-m/nofp\libc_nano.a(lib_a-nano-vfprintf.o)
                0x000000000800b242                __sfputs_r
 *fill*         0x000000000800b266        0x2 
 .text._vfprintf_r
                0x000000000800b268      0x260 c:/st/stm32cubeide_1.6.1/stm32cubeide/plugins/com.st.stm32cube.ide.mcu.externaltools.gnu-tools-for-stm32.9-2020-q2-update.win32_1.5.0.202011040924/tools/bin/../lib/gcc/arm-none-eabi/9.3.1/../../../../arm-none-eabi/lib/thumb/v7-m/nofp\libc_nano.a(lib_a-nano-vfprintf.o)
                0x000000000800b268                _vfprintf_r
                0x000000000800b268                _vfiprintf_r
 .text._printf_common
                0x000000000800b4c8       0xde c:/st/stm32cubeide_1.6.1/stm32cubeide/plugins/com.st.stm32cube.ide.mcu.externaltools.gnu-tools-for-stm32.9-2020-q2-update.win32_1.5.0.202011040924/tools/bin/../lib/gcc/arm-none-eabi/9.3.1/../../../../arm-none-eabi/lib/thumb/v7-m/nofp\libc_nano.a(lib_a-nano-vfprintf_i.o)
                0x000000000800b4c8                _printf_common
 *fill*         0x000000000800b5a6        0x2 
 .text._printf_i
                0x000000000800b5a8      0x24c c:/st/stm32cubeide_1.6.1/stm32cubeide/plugins/com.st.stm32cube.ide.mcu.externaltools.gnu-tools-for-stm32.9-2020-q2-update.win32_1.5.0.202011040924/tools/bin/../lib/gcc/arm-none-eabi/9.3.1/../../../../arm-none-eabi/lib/thumb/v7-m/nofp\libc_nano.a(lib_a-nano-vfprintf_i.o)
                0x000000000800b5a8                _printf_i
 .text._scanf_chars
                0x000000000800b7f4       0xb0 c:/st/stm32cubeide_1.6.1/stm32cubeide/plugins/com.st.stm32cube.ide.mcu.externaltools.gnu-tools-for-stm32.9-2020-q2-update.win32_1.5.0.202011040924/tools/bin/../lib/gcc/arm-none-eabi/9.3.1/../../../../arm-none-eabi/lib/thumb/v7-m/nofp\libc_nano.a(lib_a-nano-vfscanf_i.o)
                0x000000000800b7f4                _scanf_chars
 .text._scanf_i
                0x000000000800b8a4      0x1e4 c:/st/stm32cubeide_1.6.1/stm32cubeide/plugins/com.st.stm32cube.ide.mcu.externaltools.gnu-tools-for-stm32.9-2020-q2-update.win32_1.5.0.202011040924/tools/bin/../lib/gcc/arm-none-eabi/9.3.1/../../../../arm-none-eabi/lib/thumb/v7-m/nofp\libc_nano.a(lib_a-nano-vfscanf_i.o)
                0x000000000800b8a4                _scanf_i
 .text._putc_r  0x000000000800ba88       0x90 c:/st/stm32cubeide_1.6.1/stm32cubeide/plugins/com.st.stm32cube.ide.mcu.externaltools.gnu-tools-for-stm32.9-2020-q2-update.win32_1.5.0.202011040924/tools/bin/../lib/gcc/arm-none-eabi/9.3.1/../../../../arm-none-eabi/lib/thumb/v7-m/nofp\libc_nano.a(lib_a-putc.o)
                0x000000000800ba88                _putc_r
 .text._read_r  0x000000000800bb18       0x24 c:/st/stm32cubeide_1.6.1/stm32cubeide/plugins/com.st.stm32cube.ide.mcu.externaltools.gnu-tools-for-stm32.9-2020-q2-update.win32_1.5.0.202011040924/tools/bin/../lib/gcc/arm-none-eabi/9.3.1/../../../../arm-none-eabi/lib/thumb/v7-m/nofp\libc_nano.a(lib_a-readr.o)
                0x000000000800bb18                _read_r
 .text.__sccl   0x000000000800bb3c       0x74 c:/st/stm32cubeide_1.6.1/stm32cubeide/plugins/com.st.stm32cube.ide.mcu.externaltools.gnu-tools-for-stm32.9-2020-q2-update.win32_1.5.0.202011040924/tools/bin/../lib/gcc/arm-none-eabi/9.3.1/../../../../arm-none-eabi/lib/thumb/v7-m/nofp\libc_nano.a(lib_a-sccl.o)
                0x000000000800bb3c                __sccl
 .text._strtoul_l.isra.0
                0x000000000800bbb0       0xf8 c:/st/stm32cubeide_1.6.1/stm32cubeide/plugins/com.st.stm32cube.ide.mcu.externaltools.gnu-tools-for-stm32.9-2020-q2-update.win32_1.5.0.202011040924/tools/bin/../lib/gcc/arm-none-eabi/9.3.1/../../../../arm-none-eabi/lib/thumb/v7-m/nofp\libc_nano.a(lib_a-strtoul.o)
 .text._strtoul_r
                0x000000000800bca8        0x4 c:/st/stm32cubeide_1.6.1/stm32cubeide/plugins/com.st.stm32cube.ide.mcu.externaltools.gnu-tools-for-stm32.9-2020-q2-update.win32_1.5.0.202011040924/tools/bin/../lib/gcc/arm-none-eabi/9.3.1/../../../../arm-none-eabi/lib/thumb/v7-m/nofp\libc_nano.a(lib_a-strtoul.o)
                0x000000000800bca8                _strtoul_r
 .text.__submore
                0x000000000800bcac       0x70 c:/st/stm32cubeide_1.6.1/stm32cubeide/plugins/com.st.stm32cube.ide.mcu.externaltools.gnu-tools-for-stm32.9-2020-q2-update.win32_1.5.0.202011040924/tools/bin/../lib/gcc/arm-none-eabi/9.3.1/../../../../arm-none-eabi/lib/thumb/v7-m/nofp\libc_nano.a(lib_a-ungetc.o)
                0x000000000800bcac                __submore
 .text._fstat_r
                0x000000000800bd1c       0x24 c:/st/stm32cubeide_1.6.1/stm32cubeide/plugins/com.st.stm32cube.ide.mcu.externaltools.gnu-tools-for-stm32.9-2020-q2-update.win32_1.5.0.202011040924/tools/bin/../lib/gcc/arm-none-eabi/9.3.1/../../../../arm-none-eabi/lib/thumb/v7-m/nofp\libc_nano.a(lib_a-fstatr.o)
                0x000000000800bd1c                _fstat_r
 .text._isatty_r
                0x000000000800bd40       0x20 c:/st/stm32cubeide_1.6.1/stm32cubeide/plugins/com.st.stm32cube.ide.mcu.externaltools.gnu-tools-for-stm32.9-2020-q2-update.win32_1.5.0.202011040924/tools/bin/../lib/gcc/arm-none-eabi/9.3.1/../../../../arm-none-eabi/lib/thumb/v7-m/nofp\libc_nano.a(lib_a-isattyr.o)
                0x000000000800bd40                _isatty_r
 .text.memchr   0x000000000800bd60       0x1c c:/st/stm32cubeide_1.6.1/stm32cubeide/plugins/com.st.stm32cube.ide.mcu.externaltools.gnu-tools-for-stm32.9-2020-q2-update.win32_1.5.0.202011040924/tools/bin/../lib/gcc/arm-none-eabi/9.3.1/../../../../arm-none-eabi/lib/thumb/v7-m/nofp\libc_nano.a(lib_a-memchr-stub.o)
                0x000000000800bd60                memchr
 .text.memmove  0x000000000800bd7c       0x34 c:/st/stm32cubeide_1.6.1/stm32cubeide/plugins/com.st.stm32cube.ide.mcu.externaltools.gnu-tools-for-stm32.9-2020-q2-update.win32_1.5.0.202011040924/tools/bin/../lib/gcc/arm-none-eabi/9.3.1/../../../../arm-none-eabi/lib/thumb/v7-m/nofp\libc_nano.a(lib_a-memmove.o)
                0x000000000800bd7c                memmove
 .text._realloc_r
                0x000000000800bdb0       0x4c c:/st/stm32cubeide_1.6.1/stm32cubeide/plugins/com.st.stm32cube.ide.mcu.externaltools.gnu-tools-for-stm32.9-2020-q2-update.win32_1.5.0.202011040924/tools/bin/../lib/gcc/arm-none-eabi/9.3.1/../../../../arm-none-eabi/lib/thumb/v7-m/nofp\libc_nano.a(lib_a-nano-reallocr.o)
                0x000000000800bdb0                _realloc_r
 .text._malloc_usable_size_r
                0x000000000800bdfc       0x10 c:/st/stm32cubeide_1.6.1/stm32cubeide/plugins/com.st.stm32cube.ide.mcu.externaltools.gnu-tools-for-stm32.9-2020-q2-update.win32_1.5.0.202011040924/tools/bin/../lib/gcc/arm-none-eabi/9.3.1/../../../../arm-none-eabi/lib/thumb/v7-m/nofp\libc_nano.a(lib_a-nano-msizer.o)
                0x000000000800bdfc                _malloc_usable_size_r
 *(.glue_7)
 .glue_7        0x000000000800be0c        0x0 linker stubs
 *(.glue_7t)
 .glue_7t       0x000000000800be0c        0x0 linker stubs
 *(.eh_frame)
 .eh_frame      0x000000000800be0c        0x0 c:/st/stm32cubeide_1.6.1/stm32cubeide/plugins/com.st.stm32cube.ide.mcu.externaltools.gnu-tools-for-stm32.9-2020-q2-update.win32_1.5.0.202011040924/tools/bin/../lib/gcc/arm-none-eabi/9.3.1/thumb/v7-m/nofp/crtbegin.o
 *(.init)
 .init          0x000000000800be0c        0x4 c:/st/stm32cubeide_1.6.1/stm32cubeide/plugins/com.st.stm32cube.ide.mcu.externaltools.gnu-tools-for-stm32.9-2020-q2-update.win32_1.5.0.202011040924/tools/bin/../lib/gcc/arm-none-eabi/9.3.1/thumb/v7-m/nofp/crti.o
                0x000000000800be0c                _init
 .init          0x000000000800be10        0x8 c:/st/stm32cubeide_1.6.1/stm32cubeide/plugins/com.st.stm32cube.ide.mcu.externaltools.gnu-tools-for-stm32.9-2020-q2-update.win32_1.5.0.202011040924/tools/bin/../lib/gcc/arm-none-eabi/9.3.1/thumb/v7-m/nofp/crtn.o
 *(.fini)
 .fini          0x000000000800be18        0x4 c:/st/stm32cubeide_1.6.1/stm32cubeide/plugins/com.st.stm32cube.ide.mcu.externaltools.gnu-tools-for-stm32.9-2020-q2-update.win32_1.5.0.202011040924/tools/bin/../lib/gcc/arm-none-eabi/9.3.1/thumb/v7-m/nofp/crti.o
                0x000000000800be18                _fini
 .fini          0x000000000800be1c        0x8 c:/st/stm32cubeide_1.6.1/stm32cubeide/plugins/com.st.stm32cube.ide.mcu.externaltools.gnu-tools-for-stm32.9-2020-q2-update.win32_1.5.0.202011040924/tools/bin/../lib/gcc/arm-none-eabi/9.3.1/thumb/v7-m/nofp/crtn.o
                0x000000000800be24                . = ALIGN (0x4)
                0x000000000800be24                _etext = .

.vfp11_veneer   0x000000000800be24        0x0
 .vfp11_veneer  0x000000000800be24        0x0 linker stubs

.v4_bx          0x000000000800be24        0x0
 .v4_bx         0x000000000800be24        0x0 linker stubs

.iplt           0x000000000800be24        0x0
 .iplt          0x000000000800be24        0x0 c:/st/stm32cubeide_1.6.1/stm32cubeide/plugins/com.st.stm32cube.ide.mcu.externaltools.gnu-tools-for-stm32.9-2020-q2-update.win32_1.5.0.202011040924/tools/bin/../lib/gcc/arm-none-eabi/9.3.1/thumb/v7-m/nofp/crtbegin.o

.rodata         0x000000000800be24      0xf70
                0x000000000800be24                . = ALIGN (0x4)
 *(.rodata)
 .rodata        0x000000000800be24      0x147 AT_Lib_example/httpget.o
 *fill*         0x000000000800bf6b        0x1 
 .rodata        0x000000000800bf6c      0x12e AT_Lib_example/tcpclientsingle.o
 *fill*         0x000000000800c09a        0x2 
 .rodata        0x000000000800c09c      0x17c AT_Lib_example/tcpserver.o
 .rodata        0x000000000800c218      0x132 AT_Lib_example/udpclientsingle.o
 *fill*         0x000000000800c34a        0x2 
 .rodata        0x000000000800c34c      0x2e7 Core/Src/Jcnet/ESP_AT_Lib_Impl.o
 *fill*         0x000000000800c633        0x1 
 .rodata        0x000000000800c634       0x21 Core/Src/Jcnet/can.o
 *fill*         0x000000000800c655        0x3 
 .rodata        0x000000000800c658       0xb4 Core/Src/Jcnet/cmds.o
 .rodata        0x000000000800c70c       0x5b Core/Src/Jcnet/esp32_fn.o
 *fill*         0x000000000800c767        0x1 
 .rodata        0x000000000800c768        0xb Core/Src/Jcnet/led_fn.o
 *fill*         0x000000000800c773        0x1 
 .rodata        0x000000000800c774       0x47 Core/Src/Jcnet/rs485_fn.o
 *fill*         0x000000000800c7bb        0x1 
 .rodata        0x000000000800c7bc      0x1d4 Core/Src/Jcnet/wiznet_cmd.o
 .rodata        0x000000000800c990       0x6b Core/Src/main.o
 *fill*         0x000000000800c9fb        0x1 
 .rodata        0x000000000800c9fc      0x141 Drivers/ioLibrary_Driver-master/Application/loopback/loopback.o
 *fill*         0x000000000800cb3d        0x3 
 .rodata        0x000000000800cb40       0x12 Drivers/ioLibrary_Driver-master/Internet/DHCP/dhcp.o
 *fill*         0x000000000800cb52        0x2 
 .rodata        0x000000000800cb54        0xc c:/st/stm32cubeide_1.6.1/stm32cubeide/plugins/com.st.stm32cube.ide.mcu.externaltools.gnu-tools-for-stm32.9-2020-q2-update.win32_1.5.0.202011040924/tools/bin/../lib/gcc/arm-none-eabi/9.3.1/../../../../arm-none-eabi/lib/thumb/v7-m/nofp\libc_nano.a(lib_a-nano-vfscanf_i.o)
 *(.rodata*)
 .rodata.cmd_tbl
                0x000000000800cb60       0x54 Core/Src/Jcnet/cmds.o
                0x000000000800cb60                cmd_tbl
 .rodata.AHBPrescTable
                0x000000000800cbb4       0x10 Core/Src/system_stm32f1xx.o
                0x000000000800cbb4                AHBPrescTable
 .rodata.APBPrescTable
                0x000000000800cbc4        0x8 Core/Src/system_stm32f1xx.o
                0x000000000800cbc4                APBPrescTable
 .rodata.aPLLMULFactorTable.6181
                0x000000000800cbcc       0x10 Drivers/STM32F1xx_HAL_Driver/Src/stm32f1xx_hal_rcc.o
 .rodata.aPredivFactorTable.6182
                0x000000000800cbdc        0x2 Drivers/STM32F1xx_HAL_Driver/Src/stm32f1xx_hal_rcc.o
 .rodata._ctype_
                0x000000000800cbde      0x101 c:/st/stm32cubeide_1.6.1/stm32cubeide/plugins/com.st.stm32cube.ide.mcu.externaltools.gnu-tools-for-stm32.9-2020-q2-update.win32_1.5.0.202011040924/tools/bin/../lib/gcc/arm-none-eabi/9.3.1/../../../../arm-none-eabi/lib/thumb/v7-m/nofp\libc_nano.a(lib_a-ctype_.o)
                0x000000000800cbde                _ctype_
 *fill*         0x000000000800ccdf        0x1 
 .rodata.__sf_fake_stderr
                0x000000000800cce0       0x20 c:/st/stm32cubeide_1.6.1/stm32cubeide/plugins/com.st.stm32cube.ide.mcu.externaltools.gnu-tools-for-stm32.9-2020-q2-update.win32_1.5.0.202011040924/tools/bin/../lib/gcc/arm-none-eabi/9.3.1/../../../../arm-none-eabi/lib/thumb/v7-m/nofp\libc_nano.a(lib_a-findfp.o)
                0x000000000800cce0                __sf_fake_stderr
 .rodata.__sf_fake_stdin
                0x000000000800cd00       0x20 c:/st/stm32cubeide_1.6.1/stm32cubeide/plugins/com.st.stm32cube.ide.mcu.externaltools.gnu-tools-for-stm32.9-2020-q2-update.win32_1.5.0.202011040924/tools/bin/../lib/gcc/arm-none-eabi/9.3.1/../../../../arm-none-eabi/lib/thumb/v7-m/nofp\libc_nano.a(lib_a-findfp.o)
                0x000000000800cd00                __sf_fake_stdin
 .rodata.__sf_fake_stdout
                0x000000000800cd20       0x20 c:/st/stm32cubeide_1.6.1/stm32cubeide/plugins/com.st.stm32cube.ide.mcu.externaltools.gnu-tools-for-stm32.9-2020-q2-update.win32_1.5.0.202011040924/tools/bin/../lib/gcc/arm-none-eabi/9.3.1/../../../../arm-none-eabi/lib/thumb/v7-m/nofp\libc_nano.a(lib_a-findfp.o)
                0x000000000800cd20                __sf_fake_stdout
 .rodata._global_impure_ptr
                0x000000000800cd40        0x4 c:/st/stm32cubeide_1.6.1/stm32cubeide/plugins/com.st.stm32cube.ide.mcu.externaltools.gnu-tools-for-stm32.9-2020-q2-update.win32_1.5.0.202011040924/tools/bin/../lib/gcc/arm-none-eabi/9.3.1/../../../../arm-none-eabi/lib/thumb/v7-m/nofp\libc_nano.a(lib_a-impure.o)
                0x000000000800cd40                _global_impure_ptr
 .rodata._svfprintf_r.str1.1
                0x000000000800cd44       0x11 c:/st/stm32cubeide_1.6.1/stm32cubeide/plugins/com.st.stm32cube.ide.mcu.externaltools.gnu-tools-for-stm32.9-2020-q2-update.win32_1.5.0.202011040924/tools/bin/../lib/gcc/arm-none-eabi/9.3.1/../../../../arm-none-eabi/lib/thumb/v7-m/nofp\libc_nano.a(lib_a-nano-svfprintf.o)
 .rodata.__ssvfscanf_r.str1.1
                0x000000000800cd55        0x4 c:/st/stm32cubeide_1.6.1/stm32cubeide/plugins/com.st.stm32cube.ide.mcu.externaltools.gnu-tools-for-stm32.9-2020-q2-update.win32_1.5.0.202011040924/tools/bin/../lib/gcc/arm-none-eabi/9.3.1/../../../../arm-none-eabi/lib/thumb/v7-m/nofp\libc_nano.a(lib_a-nano-svfscanf.o)
 .rodata._vfprintf_r.str1.1
                0x000000000800cd55       0x11 c:/st/stm32cubeide_1.6.1/stm32cubeide/plugins/com.st.stm32cube.ide.mcu.externaltools.gnu-tools-for-stm32.9-2020-q2-update.win32_1.5.0.202011040924/tools/bin/../lib/gcc/arm-none-eabi/9.3.1/../../../../arm-none-eabi/lib/thumb/v7-m/nofp\libc_nano.a(lib_a-nano-vfprintf.o)
 .rodata._printf_i.str1.1
                0x000000000800cd55       0x22 c:/st/stm32cubeide_1.6.1/stm32cubeide/plugins/com.st.stm32cube.ide.mcu.externaltools.gnu-tools-for-stm32.9-2020-q2-update.win32_1.5.0.202011040924/tools/bin/../lib/gcc/arm-none-eabi/9.3.1/../../../../arm-none-eabi/lib/thumb/v7-m/nofp\libc_nano.a(lib_a-nano-vfprintf_i.o)
 .rodata.str1.1
                0x000000000800cd77        0x9 c:/st/stm32cubeide_1.6.1/stm32cubeide/plugins/com.st.stm32cube.ide.mcu.externaltools.gnu-tools-for-stm32.9-2020-q2-update.win32_1.5.0.202011040924/tools/bin/../lib/gcc/arm-none-eabi/9.3.1/../../../../arm-none-eabi/lib/thumb/v7-m/nofp\libc_nano.a(lib_a-nano-vfscanf_i.o)
 .rodata._scanf_i.str1.1
                0x000000000800cd80       0x12 c:/st/stm32cubeide_1.6.1/stm32cubeide/plugins/com.st.stm32cube.ide.mcu.externaltools.gnu-tools-for-stm32.9-2020-q2-update.win32_1.5.0.202011040924/tools/bin/../lib/gcc/arm-none-eabi/9.3.1/../../../../arm-none-eabi/lib/thumb/v7-m/nofp\libc_nano.a(lib_a-nano-vfscanf_i.o)
                0x000000000800cd94                . = ALIGN (0x4)
 *fill*         0x000000000800cd92        0x2 

.rel.dyn        0x000000000800cd94        0x0
 .rel.iplt      0x000000000800cd94        0x0 c:/st/stm32cubeide_1.6.1/stm32cubeide/plugins/com.st.stm32cube.ide.mcu.externaltools.gnu-tools-for-stm32.9-2020-q2-update.win32_1.5.0.202011040924/tools/bin/../lib/gcc/arm-none-eabi/9.3.1/thumb/v7-m/nofp/crtbegin.o

.ARM.extab      0x000000000800cd94        0x0
                0x000000000800cd94                . = ALIGN (0x4)
 *(.ARM.extab* .gnu.linkonce.armextab.*)
                0x000000000800cd94                . = ALIGN (0x4)

.ARM            0x000000000800cd94        0x0
                0x000000000800cd94                . = ALIGN (0x4)
                0x000000000800cd94                __exidx_start = .
 *(.ARM.exidx*)
                0x000000000800cd94                __exidx_end = .
                0x000000000800cd94                . = ALIGN (0x4)

.preinit_array  0x000000000800cd94        0x0
                0x000000000800cd94                . = ALIGN (0x4)
                0x000000000800cd94                PROVIDE (__preinit_array_start = .)
 *(.preinit_array*)
                0x000000000800cd94                PROVIDE (__preinit_array_end = .)
                0x000000000800cd94                . = ALIGN (0x4)

.init_array     0x000000000800cd94        0x4
                0x000000000800cd94                . = ALIGN (0x4)
                0x000000000800cd94                PROVIDE (__init_array_start = .)
 *(SORT_BY_NAME(.init_array.*))